>start<
Names: [parm1,parm2]
Range: [1,4,5,10]
>end<
>start<
parm1 [2,2,2,2,2,2,2,2]
parm2 [2.0125,2.0375,2.0625,2.0875,2.0125,2.0375,2.0625,2.0875]

>end<
>start<
parm1 Axis Lengths: [1, 1]  (NB: Matrix in Row/Column order)
[2]

parm2 Axis Lengths: [1, 1]  (NB: Matrix in Row/Column order)
[2.05]

parm1;freqs [2.5]
parm1;times [7.5]
parm1;freqwidths [3]
parm1;timewidths [5]
parm2;freqs [2.5]
parm2;times [7.5]
parm2;freqwidths [3]
parm2;timewidths [5]
>end<
>start<
parm1 Axis Lengths: [1, 1]  (NB: Matrix in Row/Column order)
[2]

parm2 Axis Lengths: [1, 1]  (NB: Matrix in Row/Column order)
[2.05]

parm1;freqs [2.5]
parm1;times [7.5]
parm1;freqwidths [3]
parm1;timewidths [5]
parm2;freqs [2.5]
parm2;times [7.5]
parm2;freqwidths [3]
parm2;timewidths [5]
>end<
>start<
>end<
>start<
>end<
  parm1: {
    coeff: Double array with shape [1, 1]
      [2]
    errors: Double array with shape [1, 1]
      [-1]
    freqs: Double array with shape [1]
      [2.5]
    times: Double array with shape [1]
      [7.5]
    freqwidths: Double array with shape [1]
      [3]
    timewidths: Double array with shape [1]
      [5]
  }
  parm2: {
    coeff: Double array with shape [2, 1, 1, 1]
      [2, 0.1]
    errors: Double array with shape [2, 1, 1, 1]
      [-1, -1]
    freqs: Double array with shape [1]
      [2.5]
    times: Double array with shape [1]
      [7.5]
    freqwidths: Double array with shape [1]
      [3]
    timewidths: Double array with shape [1]
      [5]
  }


>start<
Names: [parm1,parm2]
Range: [1,4,5,10]
>end<
>start<
parm1 [2,2]
parm2 [2.05,2.05]

>end<
>start<
parm1 Axis Lengths: [1, 1]  (NB: Matrix in Row/Column order)
[2]

parm2 Axis Lengths: [1, 1]  (NB: Matrix in Row/Column order)
[2.05]

parm1;freqs [2.5]
parm1;times [7.5]
parm1;freqwidths [3]
parm1;timewidths [5]
parm2;freqs [2.5]
parm2;times [7.5]
parm2;freqwidths [3]
parm2;timewidths [5]
>end<
>start<
parm1 Axis Lengths: [1, 1]  (NB: Matrix in Row/Column order)
[2]

parm2 Axis Lengths: [1, 1]  (NB: Matrix in Row/Column order)
[2.05]

parm1;freqs [2.5]
parm1;times [7.5]
parm1;freqwidths [3]
parm1;timewidths [5]
parm2;freqs [2.5]
parm2;times [7.5]
parm2;freqwidths [3]
parm2;timewidths [5]
>end<
>start<
>end<
>start<
>end<
  parm1: {
    coeff: Double array with shape [1, 1]
      [2]
    errors: Double array with shape [1, 1]
      [-1]
    freqs: Double array with shape [1]
      [2.5]
    times: Double array with shape [1]
      [7.5]
    freqwidths: Double array with shape [1]
      [3]
    timewidths: Double array with shape [1]
      [5]
  }
  parm2: {
    coeff: Double array with shape [2, 1, 1, 1]
      [2, 0.1]
    errors: Double array with shape [2, 1, 1, 1]
      [-1, -1]
    freqs: Double array with shape [1]
      [2.5]
    times: Double array with shape [1]
      [7.5]
    freqwidths: Double array with shape [1]
      [3]
    timewidths: Double array with shape [1]
      [5]
  }

