[1, 0.4] (J2000)
[0.2, 1, 3] (ITRF)
53328.6
2004-11-19 15:22:39.000000
2004-11-19 16:22:39.000000
2004-11-20 15:22:39.000000
[0.905774, 0.0210954] (AZEL)
[1, 0.4] (J2000)
[0.958474, -0.140808] (AZEL)
[3.00374, 0.464814] (AZEL)
[0.0160604, -0.670867] (AZEL)
[0.875086, -0.913949] (AZEL)
[0.9575, -0.0645041] (AZEL)
[3.02252, 0.345026] (AZEL)
[0.028332, -0.54897] (AZEL)
[0.783431, -0.825946] (AZEL)
[1.15285, 0.018226] (AZEL)
[-2.99878, 0.46436] (AZEL)
[0.343267, -0.638065] (AZEL)
[1.16962, -0.757774] (AZEL)
[1.16671, 0.0738909] (AZEL)
[-2.99425, 0.342781] (AZEL)
[0.33045, -0.520622] (AZEL)
[1.08321, -0.698448] (AZEL)
[0.971747, -0.130955] (AZEL)
[3.02206, 0.466352] (AZEL)
[0.0379042, -0.670544] (AZEL)
[0.897162, -0.904667] (AZEL)
[0.971562, -0.0559598] (AZEL)
[3.03995, 0.34617] (AZEL)
[0.0483872, -0.548571] (AZEL)
[0.80498, -0.818531] (AZEL)
[1, 0.3] (J2000); [-1, -0.3] (J2000); [2, 0.1] (J2000); [1.5, -0.3] (J2000); 
[1, 0.3] (J2000); [-1, -0.3] (J2000); [2, 0.1] (J2000); [1.5, -0.3] (J2000); 
[1, 0.3] (J2000); [-1, -0.3] (J2000); [2, 0.1] (J2000); [1.5, -0.3] (J2000); 
[1, 0.3] (J2000); [-1, -0.3] (J2000); [2, 0.1] (J2000); [1.5, -0.3] (J2000); 
[1, 0.3] (J2000); [-1, -0.3] (J2000); [2, 0.1] (J2000); [1.5, -0.3] (J2000); 
[1, 0.3] (J2000); [-1, -0.3] (J2000); [2, 0.1] (J2000); [1.5, -0.3] (J2000); 
OK
