DEBUG MAC.APL.RTCCommon - Reading attenuations from file: ./tCableAttenuation.in_1 [CableAttenuation.cc:47]
DEBUG MAC.APL.RTCCommon - Cable lenghts: 5
 [        50        80        85       115       130  ] [CableAttenuation.cc:82]
DEBUG MAC.APL.RTCCommon - 8 x 5
[         0         0         0         0         0 
      -2.05     -3.32     -3.53     -4.74      -5.4 
      -2.05     -3.32     -3.53     -4.74      -5.4 
      -2.05     -3.32     -3.53     -4.74      -5.4 
      -2.05     -3.32     -3.53     -4.74      -5.4 
      -3.64     -5.87     -6.22     -8.35     -9.52 
      -4.24     -6.82     -7.21      -9.7    -11.06 
      -4.46     -7.19     -7.58    -10.18    -11.61 ]
 [CableAttenuation.cc:105]
DEBUG MAC.APL.RTCCommon - Reading attenuations from file: ./tCableAttenuation.in_2 [CableAttenuation.cc:47]
DEBUG APL.RTCCommon.EXCEPTION - Assertion: strToInt(column[0]) == 0; Table must begin with line for rcumode 0 [CableAttenuation.cc:72]
INFO  MAC.APL.RTCCommon - Expected exception:Assertion: strToInt(column[0]) == 0; Table must begin with line for rcumode 0 [tCableAttenuation.cc:47]
DEBUG MAC.APL.RTCCommon - Reading attenuations from file: ./tCableAttenuation.in_3 [CableAttenuation.cc:47]
DEBUG MAC.APL.RTCCommon - Cable lenghts: 5
 [        50        80        85       115       130  ] [CableAttenuation.cc:82]
DEBUG APL.RTCCommon.EXCEPTION - Assertion: rcuMode == prevRcuMode + 1; Expected line with rcumode 3 [CableAttenuation.cc:87]
INFO  MAC.APL.RTCCommon - Expected exception:Assertion: rcuMode == prevRcuMode + 1; Expected line with rcumode 3 [tCableAttenuation.cc:54]
DEBUG MAC.APL.RTCCommon - Reading attenuations from file: ./tCableAttenuation.in_4 [CableAttenuation.cc:47]
DEBUG MAC.APL.RTCCommon - Cable lenghts: 5
 [        50        80        85       115       130  ] [CableAttenuation.cc:82]
DEBUG APL.RTCCommon.EXCEPTION - Assertion: prevRcuMode == MAX_RCU_MODE; Expected settings for all 7 rcumodes. [CableAttenuation.cc:104]
INFO  MAC.APL.RTCCommon - Expected exception:Assertion: prevRcuMode == MAX_RCU_MODE; Expected settings for all 7 rcumodes. [tCableAttenuation.cc:61]
DEBUG MAC.APL.RTCCommon - Reading attenuations from file: ./tCableAttenuation.in_5 [CableAttenuation.cc:47]
DEBUG MAC.APL.RTCCommon - Cable lenghts: 5
 [        50        80        85       115       130  ] [CableAttenuation.cc:82]
DEBUG APL.RTCCommon.EXCEPTION - Assertion: rcuMode <= MAX_RCU_MODE; RCUmode 8 not in range [0..7] [CableAttenuation.cc:90]
INFO  MAC.APL.RTCCommon - Expected exception:Assertion: rcuMode <= MAX_RCU_MODE; RCUmode 8 not in range [0..7] [tCableAttenuation.cc:68]
DEBUG MAC.APL.RTCCommon - Reading attenuations from file: ./tCableAttenuation.in_6 [CableAttenuation.cc:47]
DEBUG MAC.APL.RTCCommon - Cable lenghts: 5
 [        50        80        85       115       130  ] [CableAttenuation.cc:82]
DEBUG APL.RTCCommon.EXCEPTION - Assertion: column.size() == nrOfColumns; Expected 6 fields on line: 4 -2.05 -3.32  [CableAttenuation.cc:88]
INFO  MAC.APL.RTCCommon - Expected exception:Assertion: column.size() == nrOfColumns; Expected 6 fields on line: 4 -2.05 -3.32  [tCableAttenuation.cc:75]
