False
True
7
7
7
aa
dit is nu een andere naam geworden met extra spaties aan het einde  
True
True
False
7
7
10
7.0
7.0
3.1400001049
3.1415926
[True, False, True]
[True, False, True]
[False, True]
[1, 2, 3]
[1, 2, 3]
[5, 6]
[1.0, 2.0, 3.0]
[1.0, 2.0, 3.0]
[5.0, 6.0]
[1.0, 2.0, 3.0]
[1.0, 2.0, 3.0]
[5.0, 6.0]
['1', '2', '3']
['1', '2', '3']
['5', '6']
[1, 2, 3, 5, 6, 7, 8, 9, 10]
[1, 2, 3, 5, 6, 7, 8, 9, 10]
[1, 2]
True
[1..3,5*10]
[1, 2, 3, 10, 10, 10, 10, 10]
[5, 6, 7, 8, 9, 10]

>>>
parameterset: version = LOFAR-Task7336 (in CMakeLists.txt: 1.0)
 overall revision  = 30929
 package revision  = 30927 (last change in package)
 built on cbt009 by mol at Feb 10 2015 11:04:26
  2 files were different from the repository
 tree of packages used: 
  pyparameterset-LOFAR-Task7336 (rev.30929)
   pytools-LOFAR-Task7336 (rev.30929)
    Common-LOFAR-Task7336 (rev.30929)

parameterset: version = LOFAR-Task7336 (in CMakeLists.txt: 1.0)
 overall revision  = 30929
 package revision  = 30927 (last change in package)
 built on cbt009 by mol at Feb 10 2015 11:04:26
  2 files were different from the repository
 packages used: 

  pytools: version = LOFAR-Task7336 (in CMakeLists.txt: 1.0)
   overall revision  = 30929
   package revision  = 30536 (last change in package)
   built on cbt009 by mol at Feb 10 2015 10:37:11

  Common: version = LOFAR-Task7336 (in CMakeLists.txt: 3.3)
   overall revision  = 30929
   package revision  = 30651 (last change in package)
   built on cbt009 by mol at Feb 10 2015 10:37:07

parameterset: version = LOFAR-Task7336 (in CMakeLists.txt: 1.0)
 overall revision  = 30929
 package revision  = 30927 (last change in package)
 built on cbt009 by mol at Feb 10 2015 11:04:26
  2 files were different from the repository

parameterset: version = LOFAR-Task7336 (in CMakeLists.txt: 1.0)
 overall revision  = 30929
 package revision  = 30927 (last change in package)
 built on cbt009 by mol at Feb 10 2015 11:04:26
  2 files were different from the repository
 packages used: 
  pytools-LOFAR-Task7336 (rev.30929)
  Common-LOFAR-Task7336 (rev.30929)

<<<
['a.b', 'a.b.bool', 'a.b.c', 'a.b.double', 'a.b.lange_naam', 'e.g', 'egg', 'vec', 'vecbool', 'vecexp', 'vecnest']
False
True
7
7
7
aa
dit "is" nu een andere naam geworden zonder extra spaties aan het einde want die gaan verloren bij wegschrijven + teruglezen
True
True
False
7
7
10
7.0
7.0
3.1400001049
3.1415926
[True, False, True]
[True, False, True]
[False, True]
[1, 2, 3]
[1, 2, 3]
[5, 6]
[1.0, 2.0, 3.0]
[1.0, 2.0, 3.0]
[5.0, 6.0]
[1.0, 2.0, 3.0]
[1.0, 2.0, 3.0]
[5.0, 6.0]
['1', '2', '3']
['1', '2', '3']
['5', '6']
[1, 2, 3, 5, 6, 7, 8, 9, 10]
[1, 2, 3, 5, 6, 7, 8, 9, 10]
[1, 2]
True
[1..3,5*10]
[1, 2, 3, 10, 10, 10, 10, 10]
[5, 6, 7, 8, 9, 10]
['b', 'b.bool', 'b.c', 'b.double', 'b.lange_naam']
b.c = 5
['aa.bb.bool', 'aa.bb.c', 'aa.bb.double', 'aa.bb.lange_naam']
4
[]
0
{'b.c': '5', 'b': '7', 'b.lange_naam': '\'dit "is" nu een andere naam geworden zonder extra spaties aan het einde want die gaan verloren bij wegschrijven + teruglezen\'', 'b.bool': 'true', 'b.double': '3.1415926'}
{'b.c': '5', 'b': '7', 'b.lange_naam': 'dit "is" nu een andere naam geworden zonder extra spaties aan het einde want die gaan verloren bij wegschrijven + teruglezen', 'b.bool': 'true', 'b.double': '3.1415926'}
a.b=7
a.b.bool=true
a.b.c=5
a.b.double=3.1415926
a.b.lange_naam='dit "is" nu een andere naam geworden zonder extra spaties aan het einde want die gaan verloren bij wegschrijven + teruglezen'
e.g=een voorbeeld
egg=een ei
vec=[1,2,3]
vecbool=[true,false,true]
vecexp=[1..3,5..10]
vecnest=[[1..3,5*10],[5..10]]

