
oid1.get() = >>>0xfa3c3df59c8e379<<<
oid2.get() = >>>0x46f2e3a4764002f7<<<
(oid1 == oid2) = false

Assiging oid1 to oid2...
oid2.get() = >>>0xfa3c3df59c8e379<<<
(oid1 == oid2) = true

Making oid1 and oid2 equal to global null object-id ...
oid1.get() = 0x0
oid2.get() = 0x0
(oid1 == oid2) = true

Generating 1.000.000 uninitialized Object-IDs ...
Elapsed time: >>>0.020779<<< seconds.

Generating 1.000.000 initialized Object-IDs ...
Elapsed time: >>>0.410381<<< seconds.
