domain: [(2,6),(-1,3)] 1 1    pol: 1 1
result: 2
nspid=1
domain: [(2,6),(-1,3)] 2 2    pol: 1 1
result: 2
nspid=1
domain: [(2,6),(-1,3)] 8 1    pol: 1 1
result: 2
nspid=1
domain: [(0,4),(0,1)] 1 1    pol: 1 1
result: 2
nspid=1
domain: [(0,4),(0,1)] 2 2    pol: 1 1
result: 2
nspid=1
domain: [(0,4),(0,1)] 8 1    pol: 1 1
result: 2
nspid=1
domain: [(2,6),(-1,3)] 1 1    pol: 2 1
result: [3]
nspid=2
domain: [(2,6),(-1,3)] 2 2    pol: 2 1
result: [2.5, 3.5, 2.5, 3.5]
nspid=2
domain: [(2,6),(-1,3)] 8 1    pol: 2 1
result: [2.125, 2.375, 2.625, 2.875, 3.125, 3.375, 3.625, 3.875]
nspid=2
domain: [(0,4),(0,1)] 1 1    pol: 2 1
result: [2]
nspid=2
domain: [(0,4),(0,1)] 2 2    pol: 2 1
result: [1.5, 2.5, 1.5, 2.5]
nspid=2
domain: [(0,4),(0,1)] 8 1    pol: 2 1
result: [1.125, 1.375, 1.625, 1.875, 2.125, 2.375, 2.625, 2.875]
nspid=2
domain: [(2,6),(-1,3)] 1 1    pol: 1 2
result: [3]
nspid=2
domain: [(2,6),(-1,3)] 2 2    pol: 1 2
result: [2.5, 2.5, 3.5, 3.5]
nspid=2
domain: [(2,6),(-1,3)] 8 1    pol: 1 2
result: [3, 3, 3, 3, 3, 3, 3, 3]
nspid=2
domain: [(0,4),(0,1)] 1 1    pol: 1 2
result: [2.75]
nspid=2
domain: [(0,4),(0,1)] 2 2    pol: 1 2
result: [2.625, 2.625, 2.875, 2.875]
nspid=2
domain: [(0,4),(0,1)] 8 1    pol: 1 2
result: [2.75, 2.75, 2.75, 2.75, 2.75, 2.75, 2.75, 2.75]
nspid=2
domain: [(2,6),(-1,3)] 1 1    pol: 3 3
result: [6.125]
nspid=9
domain: [(2,6),(-1,3)] 2 2    pol: 3 3
result: [3.44531, 6.07031, 6.07031, 10.6953]
nspid=9
domain: [(2,6),(-1,3)] 8 1    pol: 3 3
result: [3.73242, 4.2793, 4.93555, 5.70117, 6.57617, 7.56055, 8.6543, 9.85742]
nspid=9
domain: [(0,4),(0,1)] 1 1    pol: 3 3
result: [3.03125]
nspid=9
domain: [(0,4),(0,1)] 2 2    pol: 3 3
result: [2.2915, 3.70166, 2.64697, 4.27588]
nspid=9
domain: [(0,4),(0,1)] 8 1    pol: 3 3
result: [2.28528, 2.38, 2.56946, 2.85364, 3.23254, 3.70618, 4.27454, 4.93762]
nspid=9
domain: [(2,6),(-1,3)] 1 1    pol: 3 4
result: [2.25375]
nspid=12
domain: [(2,6),(-1,3)] 2 2    pol: 3 4
result: [1.64293, 2.63824, 1.67191, 3.9266]
nspid=12
domain: [(2,6),(-1,3)] 8 1    pol: 3 4
result: [0.911855, 1.30795, 1.69389, 2.06967, 2.43529, 2.79076, 3.13607, 3.47123]
nspid=12
domain: [(0,4),(0,1)] 1 1    pol: 3 4
result: [0.850547]
nspid=12
domain: [(0,4),(0,1)] 2 2    pol: 3 4
result: [0.223874, 1.58344, -0.018183, 1.5117]
nspid=12
domain: [(0,4),(0,1)] 8 1    pol: 3 4
result: [-0.508705, -0.100343, 0.292016, 0.668371, 1.02872, 1.37307, 1.70142, 2.01376]
nspid=12
domain: [(2,6),(-1,3)] 1 1    pol: 4 3
result: [3.8675]
nspid=12
domain: [(2,6),(-1,3)] 2 2    pol: 4 3
result: [2.53285, 2.55387, 5.61145, 5.53465]
nspid=12
domain: [(2,6),(-1,3)] 8 1    pol: 4 3
result: [3.54915, 3.6862, 3.79458, 3.85788, 3.8597, 3.78362, 3.61325, 3.33218]
nspid=12
domain: [(0,4),(0,1)] 1 1    pol: 4 3
result: [2.74688]
nspid=12
domain: [(0,4),(0,1)] 2 2    pol: 4 3
result: [2.08405, 2.77455, 2.78328, 3.38062]
nspid=12
domain: [(0,4),(0,1)] 8 1    pol: 4 3
result: [2.2368, 2.34524, 2.49232, 2.66044, 2.83197, 2.9893, 3.11482, 3.19092]
nspid=12
domain: [(2,6),(-1,3)] 1 1    pol: 6 2
result: [3.51063]
nspid=12
domain: [(2,6),(-1,3)] 2 2    pol: 6 2
result: [2.25146, 3.12851, 2.79753, 5.43454]
nspid=12
domain: [(2,6),(-1,3)] 8 1    pol: 6 2
result: [1.86262, 2.29172, 2.76643, 3.26435, 3.74599, 4.14443, 4.35511, 4.2256]
nspid=12
domain: [(0,4),(0,1)] 1 1    pol: 6 2
result: [1.6275]
nspid=12
domain: [(0,4),(0,1)] 2 2    pol: 6 2
result: [1.06193, 2.31971, 1.08853, 2.45623]
nspid=12
domain: [(0,4),(0,1)] 8 1    pol: 6 2
result: [0.963385, 0.997231, 1.18271, 1.46298, 1.80437, 2.18661, 2.59304, 3.00079]
nspid=12
domain: [(2,6),(-1,3)] 1 1    pol: 2 6
result: [2.45187]
nspid=12
domain: [(2,6),(-1,3)] 2 2    pol: 2 6
result: [1.9119, 2.65478, 3.84173, 3.893]
nspid=12
domain: [(2,6),(-1,3)] 8 1    pol: 2 6
result: [2.11555, 2.21164, 2.30773, 2.40383, 2.49992, 2.59602, 2.69211, 2.7882]
nspid=12
domain: [(0,4),(0,1)] 1 1    pol: 2 6
result: [1.70821]
nspid=12
domain: [(0,4),(0,1)] 2 2    pol: 2 6
result: [1.2787, 1.93312, 1.62101, 2.09488]
nspid=12
domain: [(0,4),(0,1)] 8 1    pol: 2 6
result: [1.21446, 1.35553, 1.49661, 1.63768, 1.77875, 1.91982, 2.06089, 2.20196]
nspid=12
OK
