abc  type=scalar
    values:  1  shape=[1, 1]
    pert=1e-06 pert_rel=y
Wrote new defaultvalue record for parameter abc
abc  type=scalar
    values:  1  shape=[1, 1]
    pert=1e-06 pert_rel=y
0 parms and 0 values found
abc  type=scalar
    values:  2  shape=[1, 1]
    pert=1e-06 pert_rel=y
Updated 1 parm defaultvalue records
abc  type=scalar
    values:  2  shape=[1, 1]
    pert=1e-06 pert_rel=y
abc  type=polc
    values:  1,2,3,4,5,6  shape=[2, 3]  mask=1,1,1,1,1,0
    pert=1e-06 pert_rel=y
Updated 1 parm defaultvalue records
abc  type=polc
    values:  1,2,3,4,5,6  shape=[2, 3]  mask=1,1,1,1,1,0
    pert=1e-06 pert_rel=y
abc  type=polc
    values:  1,2,3,4,5,6  shape=[2, 3]  mask=1,0,1,0,1,0
    pert=1e-06 pert_rel=y
Updated 1 parm defaultvalue records
abc  type=polc
    values:  1,2,3,4,5,6  shape=[2, 3]  mask=1,0,1,0,1,0
    pert=1e-06 pert_rel=y
0 parms and 0 values found
Deleted 1 parm defaultvalue records
0 parms and 0 values found
abc  type=scalar
    domain:  freq=[1e-06 MHz +0.002 KHz] time=[1858/11/17/00:00:02 +2 sec]
    values:  -1,-2  shape=[2, 1]
    pert=1e-06 pert_rel=y
Wrote new record for parameter abc
abc  type=scalar
    domain:  freq=[4e-06 MHz +0.002 KHz] time=[1858/11/17/00:00:02 +2 sec]
    values:  -3,-4  shape=[2, 1]
    pert=1e-06 pert_rel=y
Wrote new record for parameter abc
def  type=polc
    domain:  freq=[6e-06 MHz +0.002 KHz] time=[1858/11/17/00:00:07 +2 sec]
    values:  4,5,6  shape=[3, 1]
    pert=1e-06 pert_rel=y
Wrote new record for parameter def
abc  type=scalar
    domain:  freq=[1e-06 MHz +0.002 KHz] time=[1858/11/17/00:00:02 +2 sec]
    values:  -1,-2  shape=[2, 1]
    pert=1e-06 pert_rel=y
abc  type=scalar
    domain:  freq=[4e-06 MHz +0.002 KHz] time=[1858/11/17/00:00:02 +2 sec]
    values:  -3,-4  shape=[2, 1]
    pert=1e-06 pert_rel=y
def  type=polc
    domain:  freq=[6e-06 MHz +0.002 KHz] time=[1858/11/17/00:00:07 +2 sec]
    values:  4,5,6  shape=[3, 1]
    pert=1e-06 pert_rel=y
2 parms and 3 values found
defg  type=polclog
    domain:  freq=[6e-06 MHz +0.002 KHz] time=[1858/11/17/00:00:07 +2 sec]
    values:  17,18,19,20,21  shape=[5, 1]  errors=0.01,0.02,0.03,0.04,0.05
    pert=1e-06 pert_rel=y
Wrote new record for parameter defg
abc  type=scalar
    domain:  freq=[1e-06 MHz +0.002 KHz] time=[1858/11/17/00:00:02 +2 sec]
    values:  -1,-2  shape=[2, 1]
    pert=1e-06 pert_rel=y
abc  type=scalar
    domain:  freq=[4e-06 MHz +0.002 KHz] time=[1858/11/17/00:00:02 +2 sec]
    values:  -3,-4  shape=[2, 1]
    pert=1e-06 pert_rel=y
def  type=polc
    domain:  freq=[6e-06 MHz +0.002 KHz] time=[1858/11/17/00:00:07 +2 sec]
    values:  4,5,6  shape=[3, 1]
    pert=1e-06 pert_rel=y
defg  type=polclog
    domain:  freq=[6e-06 MHz +0.002 KHz] time=[1858/11/17/00:00:07 +2 sec]
    values:  17,18,19,20,21  shape=[5, 1]  errors=0.01,0.02,0.03,0.04,0.05
    pert=1e-06 pert_rel=y
3 parms and 4 values found
Deleted 1 value records (of 1 parms)
abc  type=scalar
    domain:  freq=[4e-06 MHz +0.002 KHz] time=[1858/11/17/00:00:02 +2 sec]
    values:  -3,-4  shape=[2, 1]
    pert=1e-06 pert_rel=y
def  type=polc
    domain:  freq=[6e-06 MHz +0.002 KHz] time=[1858/11/17/00:00:07 +2 sec]
    values:  4,5,6  shape=[3, 1]
    pert=1e-06 pert_rel=y
defg  type=polclog
    domain:  freq=[6e-06 MHz +0.002 KHz] time=[1858/11/17/00:00:07 +2 sec]
    values:  17,18,19,20,21  shape=[5, 1]  errors=0.01,0.02,0.03,0.04,0.05
    pert=1e-06 pert_rel=y
3 parms and 3 values found
