node1#/usr/local/xyx0,node1:/usr,/usr/local/xyx0.vds
node2#/usr/local/xyx1,node1:/usr,/usr/local/xyx1.vds
node1#/usr/local/xyx2,node1:/usr,/usr/local/xyx2.vds

node1#/usr/local/xyx0,node1:/usr,/usr/local/xyx0
node2#/usr/local/xyx1,node1:/usr,/usr/local/xyx1

node1#/usr/local/xyx0,node1:/usr,/usr/local/xyx0

node1#/usr/local/xyx0,node1:/usr,/usr/local/xyx0
node2#/usr/local/xyx1,node1:/usr,/usr/local/xyx1
node1#/usr/local/xyx0,node1:/usr,/usr/local/xyx0
node2#/usr/local/xyx1,node1:/usr,/usr/local/xyx1
node1#/usr/local/xyx0,node1:/usr,/usr/local/xyx0
