system success
SSHconnection success [stdout]
SSHconnection success [stderr]
forkExec success
