
Testing x=val: 
Query: s=0
   found 64 matches
Query: e.s=0
   found 64 matches
Query: e.d.s=1
   found 64 matches
Query: C::s=0
   found 64 matches
Query: C::b.s=0
   found 64 matches
Query: C::A::s=0
   found 64 matches
Query: C::b.A::s=0
   found 64 matches
Query: C::b.A::s=2
   found 0 matches

Testing x=val AND y=val: 
Query: C::s=0 && e.s=1
   found 32 matches
Query: C::b.A::s=0 && e.d.s=1
   found 32 matches

Testing x+y=val: 
Query: C::b.A::s+e.s=1
   found 64 matches
Query: C::A::s+C::s=2
   found 32 matches

Testing x+y=z: 
Query: C::b.s+C::A::s=C::s
   found 48 matches

Testing x=val OR y=val: 
Query: s=0 || s=1
   found 128 matches
Query: e.s=0 || e.s=1
   found 128 matches
Query: C::b.A::s=0 || C::b.A::s=1
   found 128 matches
Query: s=0 || e.s=0
   found 96 matches
Query: e.s=0 || C::A::s=0
   found 96 matches
Query: e.d.s=1 || C::b.A::s=0
   found 96 matches

Testing a=b OR x=y: 
Query: C::b.s=e.d.s || C::s=C::b.A::s
   found 96 matches

Testing a=b OR k=l OR x=y: 
Query: C::b.s=e.d.s || C::s=C::b.A::s || e.s=C::b.s
   found 112 matches
Query: C::A::s=e.s || e.d.s=C::A::s || e.s=s
   found 112 matches

Testing  x-y BETWEEN val1,val2: 
Query: C::b.A::s-e.s between -3 and 5
   found 128 matches
Query: C::b.s-C::A::s between 0 and 0
   found 64 matches
Query: C::A::s-C::s between 1 and 2
   found 32 matches
Query: C::s-s between 4 and 8
   found 0 matches

Testing x-y NOT BETWEEN: val1,val2
Query: s-C::A::s not between 3 and 8
   found 128 matches
Query: C::b.s-e.s not between 1 and 16
   found 96 matches
Query: e.d.s-C::A::s not between -8 and 0
   found 32 matches
Query: C::A::s-s not between -1 and 1
   found 0 matches

Testing x-y IN (val1,val2,val3): 
Query: e.s-C::b.A::s in (-1, 0, 1)
   found 128 matches
Query: e.s-e.d.s in (1, -1, -5)
   found 64 matches
Query: C::A::s-s in (-1, -7, 13)
   found 32 matches
Query: C::b.s-C::s in (-9, -123, 13)
   found 0 matches

Testing x-y NOT IN (val1,val2,val3): 
Query: C::b.s-C::b.s not in (4, 6, 11)
   found 128 matches
Query: e.s-C::b.A::s not in (-3, 0, 6)
   found 64 matches
Query: e.s-C::b.A::s not in (1, 0, 6)
   found 32 matches
Query: e.s-C::A::s not in (-1, 0, 1)
   found 0 matches
