Cimager.Images.Names=image.def_Dirty
Cimager.Images.cellsize=[240arcsec,240arcsec]
Cimager.Images.image.def_Dirty.direction=[230.35,-10.345,J2000]
Cimager.Images.image.def_Dirty.frequency=[12345678, 12345679]
Cimager.Images.image.def_Dirty.nchan=1
Cimager.Images.image.def_Dirty.nfacets=4
Cimager.Images.image.def_Dirty.polarisation='I Q U V'
Cimager.Images.shape=[512,512]
Cimager.MinUV=1.0
Cimager.datacolumn=CORRECTED_DATA
Cimager.dataset=abc/def.MS
Cimager.gridder=WProject
Cimager.gridder.WProject.cutoff=0.001
Cimager.gridder.WProject.maxsupport=1024
Cimager.gridder.WProject.nwplanes=201
Cimager.gridder.WProject.oversample=2
Cimager.gridder.WProject.wmax=75
Cimager.gridder.padding=1.5
Cimager.ncycles=0
Cimager.restore=False
Cimager.restore.beam=[1deg,1deg,0deg]
Cimager.solver=Dirty
Cimager.solver.Dirty.algorithm=MultiScale
Cimager.solver.Dirty.gain=1.0
Cimager.solver.Dirty.niter=10
Cimager.solver.Dirty.scales=[0, 3]
Cimager.solver.Dirty.verbose=True
imgname=def.img
