DEBUG LCS.ApplCommon - Reading attenuations from file: ./tRCUCables.in_CableAtts [CableAttenuation.cc:45]
DEBUG LCS.ApplCommon - Cable lenghts: 5
 [        50        80        85       115       130  ] [CableAttenuation.cc:80]
DEBUG LCS.ApplCommon - 8 x 5
[         0         0         0         0         0 
      -2.05     -3.32     -3.53     -4.74      -5.4 
      -2.05     -3.32     -3.53     -4.74      -5.4 
      -2.05     -3.32     -3.53     -4.74      -5.4 
      -2.05     -3.32     -3.53     -4.74      -5.4 
      -3.64     -5.87     -6.22     -8.35     -9.52 
      -4.24     -6.82     -7.21      -9.7    -11.06 
      -4.46     -7.19     -7.58    -10.18    -11.61 ]
 [CableAttenuation.cc:103]
DEBUG LCS.ApplCommon - Reading cable-delays from file: ./tRCUCables.in_1 [RCUCables.cc:52]
DEBUG LCS.ApplCommon - Found cable specs for 191 RCUs [RCUCables.cc:108]
DEBUG LCS.ApplCommon - Shortest LBA cable is 80m [RCUCables.cc:109]
DEBUG LCS.ApplCommon - Shortest HBA cable is 115m [RCUCables.cc:110]
DEBUG LCS.ApplCommon - Largest delay for mode   0: 0 [tRCUCables.cc:43]
DEBUG LCS.ApplCommon - Largest delay for mode   1: 326.964 [tRCUCables.cc:43]
DEBUG LCS.ApplCommon - Largest delay for mode   2: 326.964 [tRCUCables.cc:43]
DEBUG LCS.ApplCommon - Largest delay for mode   3: 326.964 [tRCUCables.cc:43]
DEBUG LCS.ApplCommon - Largest delay for mode   4: 326.964 [tRCUCables.cc:43]
DEBUG LCS.ApplCommon - Largest delay for mode   5: 465.525 [tRCUCables.cc:43]
DEBUG LCS.ApplCommon - Largest delay for mode   6: 465.525 [tRCUCables.cc:43]
DEBUG LCS.ApplCommon - Largest delay for mode   7: 465.525 [tRCUCables.cc:43]
DEBUG LCS.ApplCommon - Largest atten for mode   0: 0 [tRCUCables.cc:46]
DEBUG LCS.ApplCommon - Largest atten for mode   1: -3.32 [tRCUCables.cc:46]
DEBUG LCS.ApplCommon - Largest atten for mode   2: -3.32 [tRCUCables.cc:46]
DEBUG LCS.ApplCommon - Largest atten for mode   3: -3.32 [tRCUCables.cc:46]
DEBUG LCS.ApplCommon - Largest atten for mode   4: -3.32 [tRCUCables.cc:46]
DEBUG LCS.ApplCommon - Largest atten for mode   5: -8.35 [tRCUCables.cc:46]
DEBUG LCS.ApplCommon - Largest atten for mode   6: -9.7 [tRCUCables.cc:46]
DEBUG LCS.ApplCommon - Largest atten for mode   7: -10.18 [tRCUCables.cc:46]
DEBUG LCS.ApplCommon - Delay for RCU 5 in mode 0: 0 [tRCUCables.cc:49]
DEBUG LCS.ApplCommon - Delay for RCU 5 in mode 1: 199.257 [tRCUCables.cc:49]
DEBUG LCS.ApplCommon - Delay for RCU 5 in mode 2: 199.257 [tRCUCables.cc:49]
DEBUG LCS.ApplCommon - Delay for RCU 5 in mode 3: 326.964 [tRCUCables.cc:49]
DEBUG LCS.ApplCommon - Delay for RCU 5 in mode 4: 326.964 [tRCUCables.cc:49]
DEBUG LCS.ApplCommon - Delay for RCU 5 in mode 5: 465.525 [tRCUCables.cc:49]
DEBUG LCS.ApplCommon - Delay for RCU 5 in mode 6: 465.525 [tRCUCables.cc:49]
DEBUG LCS.ApplCommon - Delay for RCU 5 in mode 7: 465.525 [tRCUCables.cc:49]
DEBUG LCS.ApplCommon - Atten for RCU 5 in mode 0: 0 [tRCUCables.cc:52]
DEBUG LCS.ApplCommon - Atten for RCU 5 in mode 1: -2.05 [tRCUCables.cc:52]
DEBUG LCS.ApplCommon - Atten for RCU 5 in mode 2: -2.05 [tRCUCables.cc:52]
DEBUG LCS.ApplCommon - Atten for RCU 5 in mode 3: -3.32 [tRCUCables.cc:52]
DEBUG LCS.ApplCommon - Atten for RCU 5 in mode 4: -3.32 [tRCUCables.cc:52]
DEBUG LCS.ApplCommon - Atten for RCU 5 in mode 5: -8.35 [tRCUCables.cc:52]
DEBUG LCS.ApplCommon - Atten for RCU 5 in mode 6: -9.7 [tRCUCables.cc:52]
DEBUG LCS.ApplCommon - Atten for RCU 5 in mode 7: -10.18 [tRCUCables.cc:52]
DEBUG LCS.ApplCommon - Reading attenuations from file: ./tRCUCables.in_CableAtts [CableAttenuation.cc:45]
DEBUG LCS.ApplCommon - Cable lenghts: 5
 [        50        80        85       115       130  ] [CableAttenuation.cc:80]
DEBUG LCS.ApplCommon - 8 x 5
[         0         0         0         0         0 
      -2.05     -3.32     -3.53     -4.74      -5.4 
      -2.05     -3.32     -3.53     -4.74      -5.4 
      -2.05     -3.32     -3.53     -4.74      -5.4 
      -2.05     -3.32     -3.53     -4.74      -5.4 
      -3.64     -5.87     -6.22     -8.35     -9.52 
      -4.24     -6.82     -7.21      -9.7    -11.06 
      -4.46     -7.19     -7.58    -10.18    -11.61 ]
 [CableAttenuation.cc:103]
DEBUG LCS.ApplCommon - Reading cable-delays from file: ./tRCUCables.in_2 [RCUCables.cc:52]
DEBUG LCS.ApplCommon.EXCEPTION - Assertion: rcuNr == prevRcuNr + 1; Expected line with rcuNr 0 [RCUCables.cc:78]
INFO  LCS.ApplCommon - Expected exception:Assertion: rcuNr == prevRcuNr + 1; Expected line with rcuNr 0 [tRCUCables.cc:59]
DEBUG LCS.ApplCommon - Reading attenuations from file: ./tRCUCables.in_CableAtts [CableAttenuation.cc:45]
DEBUG LCS.ApplCommon - Cable lenghts: 5
 [        50        80        85       115       130  ] [CableAttenuation.cc:80]
DEBUG LCS.ApplCommon - 8 x 5
[         0         0         0         0         0 
      -2.05     -3.32     -3.53     -4.74      -5.4 
      -2.05     -3.32     -3.53     -4.74      -5.4 
      -2.05     -3.32     -3.53     -4.74      -5.4 
      -2.05     -3.32     -3.53     -4.74      -5.4 
      -3.64     -5.87     -6.22     -8.35     -9.52 
      -4.24     -6.82     -7.21      -9.7    -11.06 
      -4.46     -7.19     -7.58    -10.18    -11.61 ]
 [CableAttenuation.cc:103]
DEBUG LCS.ApplCommon - Reading cable-delays from file: ./tRCUCables.in_3 [RCUCables.cc:52]
DEBUG LCS.ApplCommon.EXCEPTION - Assertion: rcuNr == prevRcuNr + 1; Expected line with rcuNr 10 [RCUCables.cc:78]
INFO  LCS.ApplCommon - Expected exception:Assertion: rcuNr == prevRcuNr + 1; Expected line with rcuNr 10 [tRCUCables.cc:66]
DEBUG LCS.ApplCommon - Reading attenuations from file: ./tRCUCables.in_CableAtts [CableAttenuation.cc:45]
DEBUG LCS.ApplCommon - Cable lenghts: 5
 [        50        80        85       115       130  ] [CableAttenuation.cc:80]
DEBUG LCS.ApplCommon - 8 x 5
[         0         0         0         0         0 
      -2.05     -3.32     -3.53     -4.74      -5.4 
      -2.05     -3.32     -3.53     -4.74      -5.4 
      -2.05     -3.32     -3.53     -4.74      -5.4 
      -2.05     -3.32     -3.53     -4.74      -5.4 
      -3.64     -5.87     -6.22     -8.35     -9.52 
      -4.24     -6.82     -7.21      -9.7    -11.06 
      -4.46     -7.19     -7.58    -10.18    -11.61 ]
 [CableAttenuation.cc:103]
DEBUG LCS.ApplCommon - Reading cable-delays from file: ./tRCUCables.in_4 [RCUCables.cc:52]
DEBUG LCS.ApplCommon.EXCEPTION - Assertion: false; Cablelength 81 is not a legal cablelength:5
 [        50        80        85       115       130  ] [CableAttenuation.cc:132]
DEBUG LCS.ApplCommon.EXCEPTION - Assertion: itsCableAtts->isLegalLength(LBHlen); LBH cablelength 81 is not allowed [RCUCables.cc:83]
INFO  LCS.ApplCommon - Expected exception:Assertion: itsCableAtts->isLegalLength(LBHlen); LBH cablelength 81 is not allowed [tRCUCables.cc:73]
DEBUG LCS.ApplCommon - Reading attenuations from file: ./tRCUCables.in_CableAtts [CableAttenuation.cc:45]
DEBUG LCS.ApplCommon - Cable lenghts: 5
 [        50        80        85       115       130  ] [CableAttenuation.cc:80]
DEBUG LCS.ApplCommon - 8 x 5
[         0         0         0         0         0 
      -2.05     -3.32     -3.53     -4.74      -5.4 
      -2.05     -3.32     -3.53     -4.74      -5.4 
      -2.05     -3.32     -3.53     -4.74      -5.4 
      -2.05     -3.32     -3.53     -4.74      -5.4 
      -3.64     -5.87     -6.22     -8.35     -9.52 
      -4.24     -6.82     -7.21      -9.7    -11.06 
      -4.46     -7.19     -7.58    -10.18    -11.61 ]
 [CableAttenuation.cc:103]
DEBUG LCS.ApplCommon - Reading cable-delays from file: ./tRCUCables.in_5 [RCUCables.cc:52]
DEBUG LCS.ApplCommon.EXCEPTION - Assertion: rcuNr >= 0 && rcuNr < MAX_RCUS; RCUNumber 192 not in range [0..191] [RCUCables.cc:79]
INFO  LCS.ApplCommon - Expected exception:Assertion: rcuNr >= 0 && rcuNr < MAX_RCUS; RCUNumber 192 not in range [0..191] [tRCUCables.cc:81]
DEBUG LCS.ApplCommon - Reading attenuations from file: ./tRCUCables.in_CableAtts [CableAttenuation.cc:45]
DEBUG LCS.ApplCommon - Cable lenghts: 5
 [        50        80        85       115       130  ] [CableAttenuation.cc:80]
DEBUG LCS.ApplCommon - 8 x 5
[         0         0         0         0         0 
      -2.05     -3.32     -3.53     -4.74      -5.4 
      -2.05     -3.32     -3.53     -4.74      -5.4 
      -2.05     -3.32     -3.53     -4.74      -5.4 
      -2.05     -3.32     -3.53     -4.74      -5.4 
      -3.64     -5.87     -6.22     -8.35     -9.52 
      -4.24     -6.82     -7.21      -9.7    -11.06 
      -4.46     -7.19     -7.58    -10.18    -11.61 ]
 [CableAttenuation.cc:103]
DEBUG LCS.ApplCommon - Reading cable-delays from file: ./tRCUCables.in_6 [RCUCables.cc:52]
DEBUG LCS.ApplCommon.EXCEPTION - Assertion: nrArgs == EXPECTED_NR_COLUMNS; Expected 7 fields on line: 5		50	199.2573	80	 [RCUCables.cc:80]
INFO  LCS.ApplCommon - Expected exception:Assertion: nrArgs == EXPECTED_NR_COLUMNS; Expected 7 fields on line: 5		50	199.2573	80	 [tRCUCables.cc:88]
