
  * Type 'define;' to define the simulation
  * Type 'run;'    to run the simulation
  * Type 'dump;'   to dump the simulator data
  * Type 'quit'    to quit


Start Process
Step1
Processing Data! (0,0),(0,0)   --->  (1,0),(1,0)
Step2
Processing Data! (0,0),(0,0)   --->  (1,0),(1,0)
Step3
Processing Data! (0,0),(0,0)   --->  (2,0),(2,0)
Step1
Processing Data! (0,0),(0,0)   --->  (1,0),(1,0)
Step2
Processing Data! (0,0),(0,0)   --->  (1,0),(1,0)
Step3
Processing Data! (0,0),(0,0)   --->  (2,0),(2,0)
Step1
Processing Data! (0,0),(0,0)   --->  (1,0),(1,0)
Step2
Processing Data! (0,0),(0,0)   --->  (1,0),(1,0)
Step3
Processing Data! (0,0),(0,0)   --->  (2,0),(2,0)
Step1
Processing Data! (0,0),(0,0)   --->  (1,0),(1,0)
Step2
Processing Data! (0,0),(0,0)   --->  (1,0),(1,0)
Step3
Processing Data! (0,0),(0,0)   --->  (2,0),(2,0)
Step1
Processing Data! (0,0),(0,0)   --->  (1,0),(1,0)
Step2
Processing Data! (0,0),(0,0)   --->  (1,0),(1,0)
Step3
Processing Data! (0,0),(0,0)   --->  (2,0),(2,0)
Step1
Processing Data! (0,0),(0,0)   --->  (1,0),(1,0)
Step2
Processing Data! (0,0),(0,0)   --->  (1,0),(1,0)
Step3
Processing Data! (0,0),(0,0)   --->  (2,0),(2,0)
Step1
Processing Data! (0,0),(0,0)   --->  (1,0),(1,0)
Step2
Processing Data! (0,0),(0,0)   --->  (1,0),(1,0)
Step3
Processing Data! (0,0),(0,0)   --->  (2,0),(2,0)
Step1
Processing Data! (0,0),(0,0)   --->  (1,0),(1,0)
Step2
Processing Data! (0,0),(0,0)   --->  (1,0),(1,0)
Step3
Processing Data! (0,0),(0,0)   --->  (2,0),(2,0)
Step1
Processing Data! (0,0),(0,0)   --->  (1,0),(1,0)
Step2
Processing Data! (0,0),(0,0)   --->  (1,0),(1,0)
Step3
Processing Data! (0,0),(0,0)   --->  (2,0),(2,0)
Step1
Processing Data! (0,0),(0,0)   --->  (1,0),(1,0)
Step2
Processing Data! (0,0),(0,0)   --->  (1,0),(1,0)
Step3
Processing Data! (0,0),(0,0)   --->  (2,0),(2,0)

DUMP Data from last Processing step: 
WH_Example Step1 Buffers:
(1,0),(1,0)
WH_Example Step2 Buffers:
(1,0),(1,0)
WH_Example Step3 Buffers:
(2,0),(2,0)

It was a pleasure working with you!

