ParamBlock par:
b1	= 1
c1	= 40+50i
d1	= 30
dc1	= 60+70i
f1	= 20
i1	= 10
s1	= abc
s2	= defg
ParamBlock par1:
b1	= 1
c1	= 40+50i
d1	= 30
dc1	= 60+70i
f1	= 20
i1	= 10
s1	= abc
s2	= defg
ParamBlock par1:
b1	= 1
b2	= 0
c1	= 40+50i
d1	= 30
dc1	= 60+70i
f1	= 20
i1	= 10
s1	= abc
s2	= defg
ParamBlock par3:
b1	= 1
b2	= 0
c1	= 40+50i
d1	= 30
dc1	= 60+70i
f1	= 20
i1	= 10
s1	= abc
s2	= defg
vb1	= [1]
vc1	= [40+50i]
vd1	= [30]
vdc1	= [60+70i]
vf1	= [20]
vi1	= [10]
vs1	= [abc]
1 [1]
10 [10]
10 [10]
10 [10]
(10,0) [10+0i]
(10,0) [10+0i]
20 [20]
20 [20]
(20,0) [20+0i]
(20,0) [20+0i]
30 [30]
(30,0) [30+0i]
(40,50) [40+50i]
(40,50) [40+50i]
(60,70) [60+70i]
abc [abc]
[1]
[10]
[10]
[10]
[10+0i]
[10+0i]
[20]
[20]
[20+0i]
[20+0i]
[30]
[30+0i]
[40+50i]
[40+50i]
[60+70i]
[abc]
0 0 1
1 0 1
2 0 1
3 0 1
4 0 1
5 0 1
6 0 1
0 1 1
1 1 1
2 1 1
3 1 1
4 1 1
5 1 1
6 1 1
Empty ParamBlock par1:
ParamBlock par2:
blk1	= [b1=1, b2=0, c1=40+50i, d1=30, dc1=60+70i, f1=20, i1=10, s1=abc, s2=defg]
blk2	= [=]
vec	= [1,100,100.01,100.02,3.5+6.2i,1.12346+-3i,a,,abc]
7 0 1
8 1 9
