
Measurement Set: test.ms
Blackboard database:
. Host: dop50.nfra.nl
. Port: 5432
. DBName: bbs
. Username: postgres
. Password: 
Parameter database:
. Instrument table: test.mep
. Local sky table: test.gsm
. History table: test.his
Strategy:
. Input data: INDATA
. Region of interest: [1.175e+09,1.176e+09,1000,3000]
. Domain size:
. . Bandwidth: 1e+06 (Hz)
. . Time interval: 10 (s)
. Correlation:
. . Selection: ALL
. . Type: [XX,YY]
. Integration:
. . Delta frequency: 1 (Hz)
. . Delta time: 0.1 (s)
. Stations: [CS*,RS1*,RS2*,DE*]
. Step: xyz1
. . Full name: xyz1
. . Baselines:
. . . Station1: [CS*,CS*,CS*,RS1*,RS1*,RS2*]
. . . Station2: [CS*,RS1*,RS2*,RS1*,RS2*,RS2*]
. . Correlation:
. . . Selection: CROSS
. . . Type: [XX,XY,YX,YY]
. . Integration:
. . . Delta frequency: 2 (Hz)
. . . Delta time: 0.5 (s)
. . Sources: [3C343]
. . Extra sources: [M81]
. . Instrument models: [Bandpass,DirGain,Phase]
. . Step: sl1
. . . Full name: xyz1.sl1
. . . Baselines:
. . . . Station1: [CS*,RS1*]
. . . . Station2: [RS1*,RS2*]
. . . Correlation:
. . . . Selection: CROSS
. . . . Type: [XX,XY,YX,YY]
. . . Integration:
. . . . Delta frequency: 2 (Hz)
. . . . Delta time: 0.5 (s)
. . . Sources: [3C343]
. . . Extra sources: [M81]
. . . Instrument models: [Bandpass,Phase]
. . . Output data: OUTDATA1
. . . Solve: 
. . . . Max nr. of iterations: 10
. . . . Convergence threshold: 1e-07
. . . . Min fraction converged: 0.95
. . . . Solvable parameters: [PHASE:*]
. . . . Excluded parameters: []
. . . . Domain size:
. . . . . Bandwidth: 1000 (Hz)
. . . . . Time interval: 1 (s)
. . Step: sl2
. . . Full name: xyz1.sl2
. . . Baselines:
. . . . Station1: [CS*,CS*,CS*,RS1*,RS1*,RS2*]
. . . . Station2: [CS*,RS1*,RS2*,RS1*,RS2*,RS2*]
. . . Correlation:
. . . . Selection: CROSS
. . . . Type: [XX,XY,YX,YY]
. . . Integration:
. . . . Delta frequency: 2 (Hz)
. . . . Delta time: 0.5 (s)
. . . Sources: [3C343]
. . . Extra sources: [M81]
. . . Instrument models: [DirGain,Phase]
. . . Output data: OUTDATA2
. Step: xyz2
. . Full name: xyz2
. . Baselines:
. . . Station1: [CS*,CS*,RS1*]
. . . Station2: [CS*,RS1*,RS1*]
. . Correlation:
. . . Selection: NONE
. . . Type: []
. . Integration:
. . . Delta frequency: 0 (Hz)
. . . Delta time: 0 (s)
. . Sources: [3C343]
. . Extra sources: []
. . Instrument models: [Bandpass]
. . Step: sl1
. . . Full name: xyz2.sl1
. . . Baselines:
. . . . Station1: [CS*,RS1*]
. . . . Station2: [RS1*,RS2*]
. . . Correlation:
. . . . Selection: NONE
. . . . Type: []
. . . Integration:
. . . . Delta frequency: 0 (Hz)
. . . . Delta time: 0 (s)
. . . Sources: [3C343]
. . . Extra sources: []
. . . Instrument models: [Bandpass,Phase]
. . . Output data: OUTDATA1
. . . Solve: 
. . . . Max nr. of iterations: 10
. . . . Convergence threshold: 1e-07
. . . . Min fraction converged: 0.95
. . . . Solvable parameters: [PHASE:*]
. . . . Excluded parameters: []
. . . . Domain size:
. . . . . Bandwidth: 1000 (Hz)
. . . . . Time interval: 1 (s)
. . Step: sl3
. . . Full name: xyz2.sl3
. . . Baselines:
. . . . Station1: [CS*,CS*,RS1*]
. . . . Station2: [CS*,RS1*,RS1*]
. . . Correlation:
. . . . Selection: NONE
. . . . Type: []
. . . Integration:
. . . . Delta frequency: 0 (Hz)
. . . . Delta time: 0 (s)
. . . Sources: [3C343]
. . . Extra sources: []
. . . Instrument models: [Phase]
. . . Output data: OUTDATA3
