
Measurement Set: test.ms
Parameter database:
. Instrument table: test.mep
. Sky table: test.gsm
. History table: test.his
Strategy:
. Input column: INDATA
. Region of interest:
. . Frequency: []
. . Time: []
. Chunk size: 0
. Correlation:
. . Selection: ALL
. . Type: ["XX","YY"]
. Stations: ["CS*","RS1*","RS2*","DE*"]
. Step: MultiStep
. . Name: xyz1
. . Full name: xyz1
. . Baselines:
. . . Station1: ["CS*","CS*","CS*","RS1*","RS1*","RS2*"]
. . . Station2: ["CS*","RS1*","RS2*","RS1*","RS2*","RS2*"]
. . Correlation:
. . . Selection: CROSS
. . . Type: ["XX","XY","YX","YY"]
. . Model configuration:
. . . Use phasors: false
. . . Sources: ["3C343"]
. . . Components: ["BANDPASS","DIRECTIONAL_GAIN","BEAM"]
. . . Beam:
. . . . Type: HamakerDipole
. . . . Coefficient file: beam_coeff.txt
. . Step: Solve
. . . Name: sl1
. . . Full name: xyz1.sl1
. . . Baselines:
. . . . Station1: ["CS*","RS1*"]
. . . . Station2: ["RS1*","RS2*"]
. . . Correlation:
. . . . Selection: CROSS
. . . . Type: ["XX","XY","YX","YY"]
. . . Model configuration:
. . . . Use phasors: false
. . . . Sources: ["3C343"]
. . . . Components: ["BANDPASS"]
. . . Output column: OUTDATA1
. . . Solve: 
. . . . Solvable parameters: ["GAIN:{11,22}:*"]
. . . . Excluded parameters: []
. . . . Calibration groups: [1,1]
. . . . Cell size:
. . . . . No. of channels: 1000
. . . . . No. of timeslots: 1
. . . . Cell chunk size: 0
. . . . Propagate solutions: false
. . . . Solver options:
. . . . . Max nr. of iterations: 10
. . . . . Epsilon value: 1e-07
. . . . . Epsilon derivative: 1e-07
. . . . . Colinearity factor: 0.99
. . . . . LM factor: 0.001
. . . . . Balanced equations: true
. . . . . Use SVD: false
. . Step: Correct
. . . Name: sl2
. . . Full name: xyz1.sl2
. . . Baselines:
. . . . Station1: ["CS*","CS*","CS*","RS1*","RS1*","RS2*"]
. . . . Station2: ["CS*","RS1*","RS2*","RS1*","RS2*","RS2*"]
. . . Correlation:
. . . . Selection: CROSS
. . . . Type: ["XX","XY","YX","YY"]
. . . Model configuration:
. . . . Use phasors: false
. . . . Sources: ["3C343"]
. . . . Components: ["BEAM"]
. . . . Beam:
. . . . . Type: HamakerDipole
. . . . . Coefficient file: beam_coeff.txt
. . . Output column: OUTDATA2
. . Step: Noise
. . . Name: sl4
. . . Full name: xyz1.sl4
. . . Baselines:
. . . . Station1: ["CS*","CS*","CS*","RS1*","RS1*","RS2*"]
. . . . Station2: ["CS*","RS1*","RS2*","RS1*","RS2*","RS2*"]
. . . Correlation:
. . . . Selection: CROSS
. . . . Type: ["XX","XY","YX","YY"]
. . . Model configuration:
. . . . Use phasors: false
. . . . Sources: ["3C343"]
. . . . Components: ["BANDPASS","DIRECTIONAL_GAIN","BEAM"]
. . . . Beam:
. . . . . Type: HamakerDipole
. . . . . Coefficient file: beam_coeff.txt
. . . Output column: OUTDATA4
. . . Additive Gaussian noise:
. . . . Mean: -3
. . . . Sigma: 5
. Step: MultiStep
. . Name: xyz2
. . Full name: xyz2
. . Baselines:
. . . Station1: ["CS*","CS*","RS1*"]
. . . Station2: ["CS*","RS1*","RS1*"]
. . Correlation:
. . . Selection: NONE
. . . Type: []
. . Model configuration:
. . . Use phasors: true
. . . Sources: ["3C343"]
. . . Components: ["BANDPASS","BEAM"]
. . . Beam:
. . . . Type: YatawattaDipole
. . . . Module theta: beam_theta.so
. . . . Module phi: beam_phi.so
. . Step: Solve
. . . Name: sl1
. . . Full name: xyz2.sl1
. . . Baselines:
. . . . Station1: ["CS*","RS1*"]
. . . . Station2: ["RS1*","RS2*"]
. . . Correlation:
. . . . Selection: NONE
. . . . Type: []
. . . Model configuration:
. . . . Use phasors: true
. . . . Sources: ["3C343"]
. . . . Components: ["BANDPASS"]
. . . Output column: OUTDATA1
. . . Solve: 
. . . . Solvable parameters: ["GAIN:{11,22}:*"]
. . . . Excluded parameters: []
. . . . Calibration groups: [1,1]
. . . . Cell size:
. . . . . No. of channels: 1000
. . . . . No. of timeslots: 1
. . . . Cell chunk size: 0
. . . . Propagate solutions: false
. . . . Solver options:
. . . . . Max nr. of iterations: 10
. . . . . Epsilon value: 1e-07
. . . . . Epsilon derivative: 1e-07
. . . . . Colinearity factor: 0.99
. . . . . LM factor: 0.001
. . . . . Balanced equations: true
. . . . . Use SVD: false
. . Step: Predict
. . . Name: sl3
. . . Full name: xyz2.sl3
. . . Baselines:
. . . . Station1: ["CS*","CS*","RS1*"]
. . . . Station2: ["CS*","RS1*","RS1*"]
. . . Correlation:
. . . . Selection: NONE
. . . . Type: []
. . . Model configuration:
. . . . Use phasors: true
. . . . Sources: ["3C343"]
. . . . Components: ["DIRECTIONAL_GAIN","BEAM"]
. . . . Beam:
. . . . . Type: YatawattaDipole
. . . . . Module theta: beam_theta.so
. . . . . Module phi: beam_phi.so
. . . Output column: OUTDATA3
