<INVALID>
J2000 --> AZEL
J2000 --> ITRF
AZEL --> J2000
ITRF --> J2000
<INVALID>
