Processing Data! 0: (2,2),(2,2)   --->  0: (3,2),(3,2)
Sink data 0: (3,2),(3,2)
Processing Data! 1: (3,3),(3,3)   --->  1: (4,3),(4,3)
Sink data 1: (4,3),(4,3)
Processing Data! 2: (4,4),(4,4)   --->  2: (5,4),(5,4)
Sink data 2: (5,4),(5,4)
Processing Data! 3: (5,5),(5,5)   --->  3: (6,5),(6,5)
Sink data 3: (6,5),(6,5)
Processing Data! 4: (6,6),(6,6)   --->  4: (7,6),(7,6)
Sink data 4: (7,6),(7,6)
Processing Data! 5: (7,7),(7,7)   --->  5: (8,7),(8,7)
Sink data 5: (8,7),(8,7)
Processing Data! 6: (8,8),(8,8)   --->  6: (9,8),(9,8)
Sink data 6: (9,8),(9,8)
Processing Data! 7: (9,9),(9,9)   --->  7: (10,9),(10,9)
Sink data 7: (10,9),(10,9)
Processing Data! 8: (10,10),(10,10)   --->  8: (11,10),(11,10)
Sink data 8: (11,10),(11,10)
Processing Data! 9: (11,11),(11,11)   --->  9: (12,11),(12,11)
Sink data 9: (12,11),(12,11)
