msselect in=tmwimager.in_ms0 'baseline=CS* & RS*' out=tmwimager.in_ms0_sel
>>>
startdistproc -mode 0 -nomasterhost -dsn tmwimager.in_vd -hfn tmwimager_tmp.hfn -cdn tmwimager.in_cd -logfile tmwimager_tmp.log /Users/diepen/sim/LOFAR/CEP/BB/MWImager/src/mwimager-part /Users/diepen/sim/LOFAR/installed/gnu_opt /Users/diepen/sim/LOFAR/CEP/BB/MWImager/build/gnu_opt/test/tmwimager.parset /Users/diepen/sim/LOFAR/CEP/BB/MWImager/build/gnu_opt/test dry
socketrun 0 tmwimager_tmp.hfn 0 tmwimager_tmp.log /Users/diepen/sim/LOFAR/CEP/BB/MWImager/src/mwimager-part /Users/diepen/sim/LOFAR/installed/gnu_opt /Users/diepen/sim/LOFAR/CEP/BB/MWImager/build/gnu_opt/test/tmwimager.parset /Users/diepen/sim/LOFAR/CEP/BB/MWImager/build/gnu_opt/test dry
ssh localhost /Users/diepen/sim/LOFAR/CEP/BB/MWImager/src/mwimager-part socket localhost 0 3 0 tmwimager.in_ms0 /Users/diepen/sim/LOFAR/installed/gnu_opt /Users/diepen/sim/LOFAR/CEP/BB/MWImager/build/gnu_opt/test/tmwimager.parset /Users/diepen/sim/LOFAR/CEP/BB/MWImager/build/gnu_opt/test dry
ssh localhost /Users/diepen/sim/LOFAR/CEP/BB/MWImager/src/mwimager-part socket localhost 0 3 1 tmwimager.in_ms1 /Users/diepen/sim/LOFAR/installed/gnu_opt /Users/diepen/sim/LOFAR/CEP/BB/MWImager/build/gnu_opt/test/tmwimager.parset /Users/diepen/sim/LOFAR/CEP/BB/MWImager/build/gnu_opt/test dry
ssh localhost /Users/diepen/sim/LOFAR/CEP/BB/MWImager/src/mwimager-part socket localhost 0 3 2 tmwimager.in_ms2 /Users/diepen/sim/LOFAR/installed/gnu_opt /Users/diepen/sim/LOFAR/CEP/BB/MWImager/build/gnu_opt/test/tmwimager.parset /Users/diepen/sim/LOFAR/CEP/BB/MWImager/build/gnu_opt/test dry
<<<
Cimager.Images.Names=image.tmwimager_Dirty
Cimager.Images.cellsize=[240arcsec,240arcsec]
Cimager.Images.image.tmwimager_Dirty.direction=[230.35,-10.345,J2000]
Cimager.Images.image.tmwimager_Dirty.frequency=[20, 22]
Cimager.Images.image.tmwimager_Dirty.nchan=1
Cimager.Images.image.tmwimager_Dirty.polarisation='I Q U V'
Cimager.Images.shape=[2048,2048]
Cimager.MinUV=1.0
baseline=CS* & RS*
Cimager.datacolumn=CORRECTED_DATA
Cimager.dataset=tmwimager.in_ms0_sel
Cimager.gridder=WProject
Cimager.gridder.WProject.cutoff=0.001
Cimager.gridder.WProject.maxsupport=1024
Cimager.gridder.WProject.nwplanes=201
Cimager.gridder.WProject.oversample=2
Cimager.gridder.WProject.wmax=75
Cimager.ncycles=0
Cimager.restore=False
Cimager.restore.beam=[1deg,1deg,0deg]
Cimager.solver=Dirty
Cimager.solver.Dirty.algorithm=MultiScale
Cimager.solver.Dirty.gain=1.0
Cimager.solver.Dirty.niter=10
Cimager.solver.Dirty.scales=[0, 3]
Cimager.solver.Dirty.verbose=True
imgname=tmwimager.img
msselect in=tmwimager.in_ms1 'baseline=CS* & RS*' out=tmwimager.in_ms1_sel
Cimager.Images.Names=image.tmwimager_Dirty
Cimager.Images.cellsize=[240arcsec,240arcsec]
Cimager.Images.image.tmwimager_Dirty.direction=[230.35,-10.345,J2000]
Cimager.Images.image.tmwimager_Dirty.frequency=[120, 122]
Cimager.Images.image.tmwimager_Dirty.nchan=1
Cimager.Images.image.tmwimager_Dirty.polarisation='I Q U V'
Cimager.Images.shape=[2048,2048]
Cimager.MinUV=1.0
baseline=CS* & RS*
Cimager.datacolumn=CORRECTED_DATA
Cimager.dataset=tmwimager.in_ms1_sel
Cimager.gridder=WProject
Cimager.gridder.WProject.cutoff=0.001
Cimager.gridder.WProject.maxsupport=1024
Cimager.gridder.WProject.nwplanes=201
Cimager.gridder.WProject.oversample=2
Cimager.gridder.WProject.wmax=75
Cimager.ncycles=0
Cimager.restore=False
Cimager.restore.beam=[1deg,1deg,0deg]
Cimager.solver=Dirty
Cimager.solver.Dirty.algorithm=MultiScale
Cimager.solver.Dirty.gain=1.0
Cimager.solver.Dirty.niter=10
Cimager.solver.Dirty.scales=[0, 3]
Cimager.solver.Dirty.verbose=True
imgname=tmwimager.img
msselect in=tmwimager.in_ms2 'baseline=CS* & RS*' out=tmwimager.in_ms2_sel
Cimager.Images.Names=image.tmwimager_Dirty
Cimager.Images.cellsize=[240arcsec,240arcsec]
Cimager.Images.image.tmwimager_Dirty.direction=[230.35,-10.345,J2000]
Cimager.Images.image.tmwimager_Dirty.frequency=[220, 222]
Cimager.Images.image.tmwimager_Dirty.nchan=1
Cimager.Images.image.tmwimager_Dirty.polarisation='I Q U V'
Cimager.Images.shape=[2048,2048]
Cimager.MinUV=1.0
baseline=CS* & RS*
Cimager.datacolumn=CORRECTED_DATA
Cimager.dataset=tmwimager.in_ms2_sel
Cimager.gridder=WProject
Cimager.gridder.WProject.cutoff=0.001
Cimager.gridder.WProject.maxsupport=1024
Cimager.gridder.WProject.nwplanes=201
Cimager.gridder.WProject.oversample=2
Cimager.gridder.WProject.wmax=75
Cimager.ncycles=0
Cimager.restore=False
Cimager.restore.beam=[1deg,1deg,0deg]
Cimager.solver=Dirty
Cimager.solver.Dirty.algorithm=MultiScale
Cimager.solver.Dirty.gain=1.0
Cimager.solver.Dirty.niter=10
Cimager.solver.Dirty.scales=[0, 3]
Cimager.solver.Dirty.verbose=True
imgname=tmwimager.img

lwimager "ms=tmwimager.in_ms0" "image=tmwimager.img" "data=CORRECTED_DATA" "mode=channel" "npix=2048" "cellsize=240arcsec" "stokes=IQUV" "nchan=2" "chanstart=0" "img_nchan=1" "wprojplanes=201" "nfacets=1" "padding=1" "cachesize=50000000" "phasecenter=J2000,230.35,-10.345"
lwimager "ms=tmwimager.in_ms1" "image=tmwimager.img" "data=CORRECTED_DATA" "mode=channel" "npix=2048" "cellsize=240arcsec" "stokes=IQUV" "nchan=2" "chanstart=0" "img_nchan=1" "wprojplanes=201" "nfacets=1" "padding=1" "cachesize=50000000" "phasecenter=J2000,230.35,-10.345"
lwimager "ms=tmwimager.in_ms2" "image=tmwimager.img" "data=CORRECTED_DATA" "mode=channel" "npix=2048" "cellsize=240arcsec" "stokes=IQUV" "nchan=2" "chanstart=0" "img_nchan=1" "wprojplanes=201" "nfacets=1" "padding=1" "cachesize=50000000" "phasecenter=J2000,230.35,-10.345"

lwimager "ms=tmwimager.in_ms0" "image=tmwimager.img" "data=CORRECTED_DATA" "mode=channel" "npix=2048" "cellsize=240arcsec" "stokes=IQUV" "nchan=2" "chanstart=0" "img_nchan=1" "wprojplanes=201" "nfacets=1" "padding=1" "cachesize=50000000" "phasecenter=J2000,230.35,-10.345"
lwimager "ms=tmwimager.in_ms0" "image=tmwimager.img" "data=CORRECTED_DATA" "mode=channel" "npix=2048" "cellsize=240arcsec" "stokes=IQUV" "nchan=2" "chanstart=0" "img_nchan=1" "wprojplanes=201" "nfacets=1" "padding=1" "cachesize=50000000" "phasecenter=J2000,230.35,-10.345" "operation=multiscale" "niter=10" "gain=1.0" "threshold=0Jy" "fixed=False" "nscales=5" "uservector=[0, 3]" "model=tmwimager.img-model" "restored=tmwimager.img-restored" "residual=tmwimager.img-residual"
lwimager "ms=tmwimager.in_ms1" "image=tmwimager.img" "data=CORRECTED_DATA" "mode=channel" "npix=2048" "cellsize=240arcsec" "stokes=IQUV" "nchan=2" "chanstart=0" "img_nchan=1" "wprojplanes=201" "nfacets=1" "padding=1" "cachesize=50000000" "phasecenter=J2000,230.35,-10.345"
lwimager "ms=tmwimager.in_ms1" "image=tmwimager.img" "data=CORRECTED_DATA" "mode=channel" "npix=2048" "cellsize=240arcsec" "stokes=IQUV" "nchan=2" "chanstart=0" "img_nchan=1" "wprojplanes=201" "nfacets=1" "padding=1" "cachesize=50000000" "phasecenter=J2000,230.35,-10.345" "operation=multiscale" "niter=10" "gain=1.0" "threshold=0Jy" "fixed=False" "nscales=5" "uservector=[0, 3]" "model=tmwimager.img-model" "restored=tmwimager.img-restored" "residual=tmwimager.img-residual"
lwimager "ms=tmwimager.in_ms2" "image=tmwimager.img" "data=CORRECTED_DATA" "mode=channel" "npix=2048" "cellsize=240arcsec" "stokes=IQUV" "nchan=2" "chanstart=0" "img_nchan=1" "wprojplanes=201" "nfacets=1" "padding=1" "cachesize=50000000" "phasecenter=J2000,230.35,-10.345"
lwimager "ms=tmwimager.in_ms2" "image=tmwimager.img" "data=CORRECTED_DATA" "mode=channel" "npix=2048" "cellsize=240arcsec" "stokes=IQUV" "nchan=2" "chanstart=0" "img_nchan=1" "wprojplanes=201" "nfacets=1" "padding=1" "cachesize=50000000" "phasecenter=J2000,230.35,-10.345" "operation=multiscale" "niter=10" "gain=1.0" "threshold=0Jy" "fixed=False" "nscales=5" "uservector=[0, 3]" "model=tmwimager.img-model" "restored=tmwimager.img-restored" "residual=tmwimager.img-residual"
