system success
SSHconnection success
forkExec success
