KeyValueMap par:
b1	= 1
c1	= 40+50i
d1	= 30
dc1	= 60+70i
f1	= 20
i1	= 10
s1	= abc
s2	= defg
KeyValueMap par1:
b1	= 1
c1	= 40+50i
d1	= 30
dc1	= 60+70i
f1	= 20
i1	= 10
s1	= abc
s2	= defg
KeyValueMap par1:
b1	= 1
b2	= 0
c1	= 40+50i
d1	= 30
dc1	= 60+70i
f1	= 20
i1	= 10
s1	= abc
s2	= defg
KeyValueMap par3:
b1	= 1
b2	= 0
c1	= 40+50i
d1	= 30
dc1	= 60+70i
f1	= 20
i1	= 10
s1	= abc
s2	= defg
vb1	= [1]
vc1	= [40+50i]
vd1	= [30]
vdc1	= [60+70i]
vf1	= [20]
vi1	= [10]
vs1	= [abc]
1 [1]
10 [10]
10 [10]
10 [10]
(10,0) [10+0i]
(10,0) [10+0i]
20 [20]
20 [20]
(20,0) [20+0i]
(20,0) [20+0i]
30 [30]
(30,0) [30+0i]
(40,50) [40+50i]
(40,50) [40+50i]
(60,70) [60+70i]
abc [abc]
[1]
[10]
[10]
[10]
[10+0i]
[10+0i]
[20]
[20]
[20+0i]
[20+0i]
[30]
[30+0i]
[40+50i]
[40+50i]
[60+70i]
[abc]
0 0 1
1 0 1
2 0 1
3 0 1
4 0 1
5 0 1
6 0 1
0 1 1
1 1 1
2 1 1
3 1 1
4 1 1
5 1 1
6 1 1
Empty KeyValueMap par1:
KeyValueMap par2:
blk1	= [b1=1, b2=0, c1=40+50i, d1=30, dc1=60+70i, f1=20, i1=10, s1=abc, s2=defg]
blk2	= [=]
vec	= [1,100,100.01,100.02,3.5+6.2i,1.12346+-3i,a,,abc]
7 0 1
7 0 1
8 1 9
KeyValueMap par3a:
b1	= 1
b2	= 0
c1	= 40+50i
d1	= 30
dc1	= 60+70i
f1	= 20
i1	= 10
s1	= abc
s2	= defg
vb1	= [1]
vc1	= [40+50i]
vd1	= [30]
vdc1	= [60+70i]
vf1	= [20]
vi1	= [10]
vs1	= [abc]
1 [1]
10 [10]
10 [10]
10 [10]
(10,0) [10+0i]
(10,0) [10+0i]
20 [20]
20 [20]
(20,0) [20+0i]
(20,0) [20+0i]
30 [30]
(30,0) [30+0i]
(40,50) [40+50i]
(40,50) [40+50i]
(60,70) [60+70i]
abc [abc]
[1]
[10]
[10]
[10]
[10+0i]
[10+0i]
[20]
[20]
[20+0i]
[20+0i]
[30]
[30+0i]
[40+50i]
[40+50i]
[60+70i]
[abc]
0 0 1
1 0 1
2 0 1
3 0 1
4 0 1
5 0 1
6 0 1
0 1 1
1 1 1
2 1 1
3 1 1
4 1 1
5 1 1
6 1 1
KeyValueMap par2a:
blk1	= [b1=1, b2=0, c1=40+50i, d1=30, dc1=60+70i, f1=20, i1=10, s1=abc, s2=defg]
blk2	= [=]
vec	= [1,100,100.01,100.02,3.5+6.2i,1.12346+-3i,a,,abc]
7 0 1
7 0 1
8 1 9
key1=1
key2=abc
key1=1, key2=abc
key1=[1,1.3], key2=abc
key1=[a=1, b=2], key2=abc
key1=3.29407, key2=-0.219605
key1=3.14165, key2=-0.209443
key1=3.14159, key2=-0.20944
keyb=1, keybv=[1,0], keyc=1+2i, keyd=-1435, keydc=3.5+-4.6i, keydv=[3000,0.3,3,3.3,3000,300,-0.0033], keyf=243, keyfv=[200,0.2,2,2.2,200,20,-0.022], keyi=34, keyiv=[2,3,4,-5], keymv=[24.3,-1435,1+2i,3.5+-460i,0+20i,0+30i,string], keys=string, keyx=ab#cd, keyy=[aa=1, bb=2, dd="bc"]
KeyParser: parse error at position 8 (at or near '12a')
KeyValue: 12a:34:56.78 is an invalid HMS or DMS value at part 12a
OK
