pos0 = [0, 0, 0] (ITRF)
pos1 = [0.785398, -1.03673, 1] (ITRF)
pos2 = [1.03673, 0.785398, 249.98] (WGS84)
pos3 = <INVALID>
