ec0 = [0, 0, 0] (ITRF)
ec1 = [0.785398, -1.03673, 1] (ITRF)
ec2 = [-2.10487, 2.35619, 249.98] (WGS84)
ec3 = <INVALID>
