test 1 ...
Wrote 0 patches (out of 0) and 2 sources (out of 2) into tmakesourcedb_tmp.sdb
Dec:cygnus  type=scalar
    values:  0.785398  shape=[1, 1]
    pert=1e-06 pert_rel=n
Dec:sun  type=scalar
    values:  1e-09  shape=[1, 1]
    pert=1e-06 pert_rel=n
I:cygnus  type=scalar
    values:  2  shape=[1, 1]
    pert=1e-06 pert_rel=y
I:sun  type=scalar
    values:  10  shape=[1, 1]
    pert=1e-06 pert_rel=y
Q:cygnus  type=scalar
    values:  0  shape=[1, 1]
    pert=1e-06 pert_rel=y
Q:sun  type=scalar
    values:  0  shape=[1, 1]
    pert=1e-06 pert_rel=y
Ra:cygnus  type=scalar
    values:  0.401426  shape=[1, 1]
    pert=1e-06 pert_rel=n
Ra:sun  type=scalar
    values:  1e-09  shape=[1, 1]
    pert=1e-06 pert_rel=n
ReferenceFrequency:cygnus  type=scalar
    values:  2.5e+09  shape=[1, 1]
    pert=1e-06 pert_rel=y
SpectralIndex:0:cygnus  type=scalar
    values:  2  shape=[1, 1]
    pert=1e-06 pert_rel=y
SpectralIndexDegree:cygnus  type=scalar
    values:  0  shape=[1, 1]
    pert=1e-06 pert_rel=y
U:cygnus  type=scalar
    values:  0  shape=[1, 1]
    pert=1e-06 pert_rel=y
U:sun  type=scalar
    values:  0  shape=[1, 1]
    pert=1e-06 pert_rel=y
V:cygnus  type=scalar
    values:  0  shape=[1, 1]
    pert=1e-06 pert_rel=y
V:sun  type=scalar
    values:  0  shape=[1, 1]
    pert=1e-06 pert_rel=y
15 default parms and 15 values found

test 2 ...
Wrote 0 patches (out of 0) and 2 sources (out of 2) into tmakesourcedb_tmp.sdb
Dec:cygnus  type=scalar
    values:  0.785398  shape=[1, 1]
    pert=1e-06 pert_rel=n
Dec:sun  type=scalar
    values:  1e-09  shape=[1, 1]
    pert=1e-06 pert_rel=n
I:cygnus  type=scalar
    values:  2  shape=[1, 1]
    pert=1e-06 pert_rel=y
I:sun  type=scalar
    values:  10  shape=[1, 1]
    pert=1e-06 pert_rel=y
Q:cygnus  type=scalar
    values:  0  shape=[1, 1]
    pert=1e-06 pert_rel=y
Q:sun  type=scalar
    values:  0  shape=[1, 1]
    pert=1e-06 pert_rel=y
Ra:cygnus  type=scalar
    values:  0.401426  shape=[1, 1]
    pert=1e-06 pert_rel=n
Ra:sun  type=scalar
    values:  1e-09  shape=[1, 1]
    pert=1e-06 pert_rel=n
ReferenceFrequency:cygnus  type=scalar
    values:  2.5e+09  shape=[1, 1]
    pert=1e-06 pert_rel=y
ReferenceFrequency:sun  type=scalar
    values:  1e+09  shape=[1, 1]
    pert=1e-06 pert_rel=y
SpectralIndex:0:cygnus  type=scalar
    values:  2  shape=[1, 1]
    pert=1e-06 pert_rel=y
SpectralIndex:0:sun  type=scalar
    values:  0.5  shape=[1, 1]
    pert=1e-06 pert_rel=y
SpectralIndexDegree:cygnus  type=scalar
    values:  0  shape=[1, 1]
    pert=1e-06 pert_rel=y
SpectralIndexDegree:sun  type=scalar
    values:  0  shape=[1, 1]
    pert=1e-06 pert_rel=y
U:cygnus  type=scalar
    values:  0  shape=[1, 1]
    pert=1e-06 pert_rel=y
U:sun  type=scalar
    values:  0  shape=[1, 1]
    pert=1e-06 pert_rel=y
V:cygnus  type=scalar
    values:  0  shape=[1, 1]
    pert=1e-06 pert_rel=y
V:sun  type=scalar
    values:  0  shape=[1, 1]
    pert=1e-06 pert_rel=y
18 default parms and 18 values found

test 3 ...
Wrote 0 patches (out of 0) and 1 sources (out of 1) into tmakesourcedb_tmp.sdb1
Dec:cygAA  type=scalar
    values:  0.785398  shape=[1, 1]
    pert=1e-06 pert_rel=n
I:cygAA  type=scalar
    values:  2.5  shape=[1, 1]
    pert=1e-06 pert_rel=y
Q:cygAA  type=scalar
    values:  0  shape=[1, 1]
    pert=1e-06 pert_rel=y
Ra:cygAA  type=scalar
    values:  0.401426  shape=[1, 1]
    pert=1e-06 pert_rel=n
U:cygAA  type=scalar
    values:  0  shape=[1, 1]
    pert=1e-06 pert_rel=y
V:cygAA  type=scalar
    values:  0  shape=[1, 1]
    pert=1e-06 pert_rel=y
6 default parms and 6 values found

test 4 ...
Wrote 1 patches (out of 1) and 3 sources (out of 3) into tmakesourcedb_tmp.sdb
Dec:cygnus  type=scalar
    values:  0.802851  shape=[1, 1]
    pert=1e-06 pert_rel=n
Dec:lena  type=scalar
    values:  -0.802851  shape=[1, 1]
    pert=1e-06 pert_rel=n
Dec:sun  type=scalar
    values:  1e-09  shape=[1, 1]
    pert=1e-06 pert_rel=n
I:cygnus  type=scalar
    values:  2  shape=[1, 1]
    pert=1e-06 pert_rel=y
I:lena  type=scalar
    values:  2  shape=[1, 1]
    pert=1e-06 pert_rel=y
I:sun  type=scalar
    values:  10  shape=[1, 1]
    pert=1e-06 pert_rel=y
MajorAxis:lena  type=scalar
    values:  0.13  shape=[1, 1]
    pert=1e-06 pert_rel=y
MinorAxis:lena  type=scalar
    values:  0.25  shape=[1, 1]
    pert=1e-06 pert_rel=y
Orientation:lena  type=scalar
    values:  1.1  shape=[1, 1]
    pert=1e-06 pert_rel=y
Parm1:cygnus  type=scalar
    values:  0  shape=[1, 1]
    pert=1e-06 pert_rel=y
Parm1:lena  type=scalar
    values:  0  shape=[1, 1]
    pert=1e-06 pert_rel=y
Parm1:sun  type=scalar
    values:  0  shape=[1, 1]
    pert=1e-06 pert_rel=y
PolarizationAngle:lena  type=scalar
    values:  0.3  shape=[1, 1]
    pert=1e-06 pert_rel=y
PolarizedFraction:lena  type=scalar
    values:  0.5  shape=[1, 1]
    pert=1e-06 pert_rel=y
Q:cygnus  type=scalar
    values:  0  shape=[1, 1]
    pert=1e-06 pert_rel=y
Q:sun  type=scalar
    values:  0  shape=[1, 1]
    pert=1e-06 pert_rel=y
Ra:cygnus  type=scalar
    values:  -3.40339  shape=[1, 1]
    pert=1e-06 pert_rel=n
Ra:lena  type=scalar
    values:  3.40339  shape=[1, 1]
    pert=1e-06 pert_rel=n
Ra:sun  type=scalar
    values:  1e-09  shape=[1, 1]
    pert=1e-06 pert_rel=n
ReferenceFrequency:cygnus  type=scalar
    values:  6e+07  shape=[1, 1]
    pert=1e-06 pert_rel=y
ReferenceFrequency:lena  type=scalar
    values:  6e+07  shape=[1, 1]
    pert=1e-06 pert_rel=y
ReferenceFrequency:sun  type=scalar
    values:  6e+07  shape=[1, 1]
    pert=1e-06 pert_rel=y
RotationMeasure:lena  type=scalar
    values:  1.5  shape=[1, 1]
    pert=1e-06 pert_rel=y
SpectralIndex:0:cygnus  type=scalar
    values:  1.5  shape=[1, 1]
    pert=1e-06 pert_rel=y
SpectralIndex:0:lena  type=scalar
    values:  1.5  shape=[1, 1]
    pert=1e-06 pert_rel=y
SpectralIndex:0:sun  type=scalar
    values:  1.5  shape=[1, 1]
    pert=1e-06 pert_rel=y
SpectralIndex:1:cygnus  type=scalar
    values:  0.01  shape=[1, 1]
    pert=1e-06 pert_rel=y
SpectralIndex:1:lena  type=scalar
    values:  0.01  shape=[1, 1]
    pert=1e-06 pert_rel=y
SpectralIndex:1:sun  type=scalar
    values:  0.01  shape=[1, 1]
    pert=1e-06 pert_rel=y
SpectralIndexDegree:cygnus  type=scalar
    values:  1  shape=[1, 1]
    pert=1e-06 pert_rel=y
SpectralIndexDegree:lena  type=scalar
    values:  1  shape=[1, 1]
    pert=1e-06 pert_rel=y
SpectralIndexDegree:sun  type=scalar
    values:  1  shape=[1, 1]
    pert=1e-06 pert_rel=y
U:cygnus  type=scalar
    values:  0  shape=[1, 1]
    pert=1e-06 pert_rel=y
U:sun  type=scalar
    values:  0  shape=[1, 1]
    pert=1e-06 pert_rel=y
V:cygnus  type=scalar
    values:  0  shape=[1, 1]
    pert=1e-06 pert_rel=y
V:lena  type=scalar
    values:  0  shape=[1, 1]
    pert=1e-06 pert_rel=y
V:sun  type=scalar
    values:  0  shape=[1, 1]
    pert=1e-06 pert_rel=y
a0:b:cygnus  type=scalar
    values:  3  shape=[1, 1]
    pert=1e-06 pert_rel=y
a0:b:lena  type=scalar
    values:  3  shape=[1, 1]
    pert=1e-06 pert_rel=y
a0:b:sun  type=scalar
    values:  3  shape=[1, 1]
    pert=1e-06 pert_rel=y
40 default parms and 40 values found
>>>
Successful readonly open of default-locked table tmakesourcedb_tmp.sdb/SOURCES/PATCHES: 5 columns, 1 rows
patch nrow = 1
PATCHNAME = ['patch1']
CATEGORY = [3]
APPARENT_BRIGHTNESS = [ 12.]
RA = [  1.00000000e-09]
DEC = [  1.00000000e-09]
Successful readonly open of default-locked table tmakesourcedb_tmp.sdb/SOURCES: 14 columns, 3 rows
source nrow = 3
SOURCENAME = ['sun', 'cygnus', 'lena']
PATCHID = [0 0 0]
SOURCETYPE = [10  0  1]
REFTYPE = ['SUN', 'POINT', 'POINT']
SPINX_NTERMS = [2 2 2]
SPINX_REFFREQ = [ 60000000.  60000000.  60000000.]
USE_ROTMEAS = [False False  True]
SHAPELET_ISCALE = [ 0.  0.  0.]
SHAPELET_QSCALE = [ 0.  0.  0.]
SHAPELET_USCALE = [ 0.  0.  0.]
SHAPELET_VSCALE = [ 0.  0.  0.]
rownr 0
rownr 1
rownr 2
Successful readonly open of default-locked table tmakesourcedb_tmp.sdb1/SOURCES/PATCHES: 5 columns, 1 rows
patch nrow = 1
PATCHNAME = ['cygAA']
CATEGORY = [2]
APPARENT_BRIGHTNESS = [ 2.5]
RA = [ 0.40142573]
DEC = [ 0.78539816]
Successful readonly open of default-locked table tmakesourcedb_tmp.sdb1/SOURCES: 14 columns, 1 rows
source nrow = 1
SOURCENAME = ['cygAA']
PATCHID = [0]
SOURCETYPE = [3]
SPINX_NTERMS = [0]
SPINX_REFFREQ = [ 0.]
USE_ROTMEAS = [False]
SHAPELET_ISCALE = [ 0.00409912]
SHAPELET_QSCALE = [ 0.]
SHAPELET_USCALE = [ 0.]
SHAPELET_VSCALE = [ 0.]
rownr 0
[[ 5.849974  -1.333146 ]
 [ 0.4340562  2.162036 ]] [] [] []
<<<
