creating instrument_model (aips++)...
creating sky_model (aips++)...
Starting first test
>>>
<<<
>>>
Prediffer settings:
  msname:    /data/PSS3/diepen/BBS2/demo3.MS_p1
  mepname:   tPredSolv_tmp.demo_instr
  gsmname:   tPredSolv_tmp.demo_sky
  solvparms: [DEC:SRC1(0),DEC:SRC2(0),DEC:SRC3(0),RA:SRC1(0),RA:SRC2(0),RA:SRC3(0),StokesI:SRC1(0),StokesI:SRC2(0),StokesI:SRC3(0)]
  stchan:    0
  endchan:   1
  corr     : 4  1,1,1,1
  calcuvw  : 0

<<<
Before: [0.4537895,0.45368975,0.45375025,2.734003,2.7340205,2.733981,1,1,1]
>>>
<<<
iter0:  [0.4538001731,0.4536930993,0.4537583416,2.734004076,2.734020405,2.733981394,0.6039205533,0.5974054979,0.6004018856]
itsSolFlag: 1
itsRank   : 9
itsFit    : 1
itsMu     : 0.01102832013
itsStddev : 0.01102832013
itsChi    : 0.09620446133

>>>
<<<
iter1:  [0.4538008139,0.4536965908,0.4537684625,2.734004501,2.734017502,2.733984812,0.6056732548,0.5944160394,0.599921246]
itsSolFlag: 1
itsRank   : 9
itsFit    : -1.997991457
itsMu     : 0.0001383415025
itsStddev : 0.0001383415025
itsChi    : 1.513845172e-05

>>>
<<<
iter2:  [0.4537966951,0.4536953623,0.4537734395,2.734005357,2.734016631,2.733984825,0.6076239878,0.5926366283,0.5997288336]
itsSolFlag: 1
itsRank   : 9
itsFit    : -1.998236256
itsMu     : 4.83382342e-05
itsStddev : 4.83382342e-05
itsChi    : 1.848238645e-06

>>>
<<<
iter3:  [0.4537966951,0.4536953623,0.4537734395,2.734005357,2.734016631,2.733984825,0.6076239878,0.5926366283,0.5997288336]
itsSolFlag: 0
itsRank   : 0
itsFit    : -1.64277398
itsMu     : 0
itsStddev : 0
itsChi    : 0

>>>
<<<
iter4:  [0.4537964747,0.4536955569,0.4537734839,2.734005349,2.73401662,2.733984837,0.6076499642,0.5925934234,0.5997525705]
itsSolFlag: 1
itsRank   : 9
itsFit    : 1
itsMu     : 4.455541869e-05
itsStddev : 4.455541869e-05
itsChi    : 3.158429867e-06

>>>
<<<
iter5:  [0.4537960501,0.453695427,0.4537740044,2.734005506,2.734016505,2.733984796,0.6078078423,0.5924074286,0.5997745074]
itsSolFlag: 1
itsRank   : 9
itsFit    : -1.562235683
itsMu     : 4.301307676e-05
itsStddev : 4.301307676e-05
itsChi    : 1.463448695e-06

>>>
<<<
iter6:  [0.4537954918,0.4536952294,0.4537746398,2.73400571,2.734016377,2.733984717,0.6087007697,0.591780055,0.5995094074]
itsSolFlag: 1
itsRank   : 9
itsFit    : -0.06602045315
itsMu     : 4.174575154e-05
itsStddev : 4.174575154e-05
itsChi    : 1.378481848e-06

>>>
<<<
iter7:  [0.4537954918,0.4536952294,0.4537746398,2.73400571,2.734016377,2.733984717,0.6087007697,0.591780055,0.5995094074]
itsSolFlag: 0
itsRank   : 0
itsFit    : -0.04196550248
itsMu     : 0
itsStddev : 0
itsChi    : 0

>>>
<<<
iter8:  [0.4537954822,0.4536952313,0.4537746473,2.734005712,2.734016374,2.733984717,0.6087097309,0.5917732443,0.599507343]
itsSolFlag: 1
itsRank   : 9
itsFit    : 1
itsMu     : 4.145217827e-05
itsStddev : 4.145217827e-05
itsChi    : 2.733788385e-06

End of first test
Starting test with two prediffers
>>>
<<<
Before: [0.4537895,0.45368975,0.45375025,2.734003,2.7340205,2.733981,1,1,1]
>>>
<<<
iter0:  [0.4538001633,0.4536931018,0.4537583473,2.734004074,2.734020395,2.733981406,0.6039471597,0.5973809337,0.6004009831]
itsSolFlag: 1
itsRank   : 9
itsFit    : 1
itsMu     : 0.01099723109
itsStddev : 0.01099723109
itsChi    : 0.1924140947

End of test with two prediffers
Starting test with 21 antennas
>>>
<<<
>>>
Prediffer settings:
  msname:    /data/PSS3/diepen/BBS2/demo3.MS_p1
  mepname:   tPredSolv_tmp.demo_instr
  gsmname:   tPredSolv_tmp.demo_sky
  solvparms: [DEC:SRC1(0),DEC:SRC2(0),DEC:SRC3(0),RA:SRC1(0),RA:SRC2(0),RA:SRC3(0),StokesI:SRC1(0),StokesI:SRC2(0),StokesI:SRC3(0)]
  stchan:    0
  endchan:   1
  corr     : 4  1,0,0,0
  calcuvw  : 0

<<<
Before: [0.4537895,0.45368975,0.45375025,2.734003,2.7340205,2.733981,1,1,1]
>>>
<<<
iter0:  [0.4537900035,0.4536898874,0.4537501573,2.734000058,2.734020269,2.733980649,0.9838712296,0.5025455826,0.3049662164]
itsSolFlag: 1
itsRank   : 9
itsFit    : 1
itsMu     : 0.02657902437
itsStddev : 0.02657902437
itsChi    : 2.960709051

>>>
<<<
iter1:  [0.4537900019,0.4536900032,0.4537499987,2.734000002,2.734020009,2.733980009,1.000212808,0.5000044708,0.2993235781]
itsSolFlag: 1
itsRank   : 9
itsFit    : -1.998141673
itsMu     : 0.0007906191819
itsStddev : 0.0007906191819
itsChi    : 0.002619704793

>>>
<<<
iter2:  [0.45379,0.45369,0.4537499998,2.734,2.73402,2.73398,0.9999948478,0.49998994,0.3000014784]
itsSolFlag: 1
itsRank   : 9
itsFit    : -1.993345788
itsMu     : 1.492073604e-05
itsStddev : 1.492073604e-05
itsChi    : 9.330354729e-07

>>>
<<<
iter3:  [0.45379,0.45369,0.45375,2.734,2.73402,2.73398,0.9999998111,0.4999999478,0.3000003025]
itsSolFlag: 1
itsRank   : 9
itsFit    : -1.998783353
itsMu     : 2.789021435e-07
itsStddev : 2.789021435e-07
itsChi    : 3.260028261e-10

>>>
<<<
iter4:  [0.45379,0.45369,0.45375,2.734,2.73402,2.73398,1.000000002,0.5000000021,0.2999999998]
itsSolFlag: 1
itsRank   : 9
itsFit    : -1.997468976
itsMu     : 2.30580912e-08
itsStddev : 2.30580912e-08
itsChi    : 2.228252312e-12

End of test with 21 antennas
Starting test with updating parmtable
>>>
<<<
>>>
Prediffer settings:
  msname:    /data/PSS3/diepen/BBS2/demo3.MS_p1
  mepname:   tPredSolv_tmp.demo_instr
  gsmname:   tPredSolv_tmp.demo_sky
  solvparms: [DEC:SRC1(0),DEC:SRC2(0),DEC:SRC3(0),RA:SRC1(0),RA:SRC2(0),RA:SRC3(0),StokesI:SRC1(0),StokesI:SRC2(0),StokesI:SRC3(0)]
  stchan:    0
  endchan:   3
  corr     : 4  1,1,1,1
  calcuvw  : 0

<<<
Before: [0.4537895,0.45368975,0.45375025,2.734003,2.7340205,2.733981,1,1,1]
>>>
<<<
iter0:  [0.4538001633,0.4536931018,0.4537583473,2.734004074,2.734020395,2.733981406,0.6039471597,0.5973809337,0.6004009831]
itsSolFlag: 1
itsRank   : 9
itsFit    : 1
itsMu     : 0.01099723109
itsStddev : 0.01099723109
itsChi    : 0.1924140947

>>>
<<<
iter1:  [0.4538007895,0.4536965748,0.4537684948,2.734004511,2.734017495,2.733984811,0.6057240058,0.5943667748,0.5999195407]
itsSolFlag: 1
itsRank   : 9
itsFit    : -1.997977332
itsMu     : 0.0001387250705
itsStddev : 0.0001387250705
itsChi    : 3.061823049e-05

>>>
<<<
iter2:  [0.4537966814,0.4536953566,0.4537734474,2.734005359,2.734016629,2.733984825,0.6077026266,0.5925676336,0.5997190639]
itsSolFlag: 1
itsRank   : 9
itsFit    : -1.998215963
itsMu     : 4.860151325e-05
itsStddev : 4.860151325e-05
itsChi    : 3.758112381e-06

>>>
<<<
iter3:  [0.4537966814,0.4536953566,0.4537734474,2.734005359,2.734016629,2.733984825,0.6077026266,0.5925676336,0.5997190639]
itsSolFlag: 0
itsRank   : 0
itsFit    : -1.647615655
itsMu     : 0
itsStddev : 0
itsChi    : 0

>>>
<<<
iter4:  [0.4537964622,0.4536955494,0.4537734924,2.734005351,2.734016618,2.733984837,0.6077289227,0.5925240488,0.5997427985]
itsSolFlag: 1
itsRank   : 9
itsFit    : 1
itsMu     : 4.491003141e-05
itsStddev : 4.491003141e-05
itsChi    : 6.435962751e-06

End of test with updating parmtable
