BobOBufVector bobSize=3121 vecSize=3121 vecCap=3122
BobOBufVector bobSize=3121 vecSize=3121 vecCap=3217
BobOBufString bobSize=3121 strSize=3121
BobOBufString bobSize=3121 strSize=3121
BlobOStream::putBuf - 14 bytes asked, but only 0 could be written (pos=38)
OK
