create sourcedb-s ...
Wrote 0 patches (out of 0) and 3 sources (out of 3) into tmergesourcedb_tmp.sdbc1
Wrote 1 patches (out of 1) and 3 sources (out of 3) into tmergesourcedb_tmp.sdbc2
patch=cygnus cat=2 ra=01:32:00.000 dec=+045.00.00.000 flux=2
  01:32:00.000 +045.00.00.000 J2000  cygnus 0  iquv=(2,0,0,0)
    nspinx=1 reffreq=2500 MHz
patch=TauA cat=2 ra=02:20:00.000 dec=-012.00.00.000 flux=3
  02:20:00.000 -012.00.00.000 J2000  TauA 0  iquv=(3,0,0,0)
patch=VirA cat=2 ra=01:24:04.797 dec=+010.01.12.002 flux=9
  01:24:04.797 +010.01.12.002 J2000  VirA 0  iquv=(9,0,0,0)
patch=HerA cat=2 ra=03:20:00.000 dec=-001.00.00.000 flux=3.5
  03:20:00.000 -001.00.00.000 J2000  HerA 0  iquv=(3.5,0,0,0)
patch=VirAx cat=2 ra=01:24:04.799 dec=+010.01.11.991 flux=10
  01:24:00.000 +010.00.00.000 J2000  VirA1 0  iquv=(8,0,0,0)
  01:24:24.000 +010.06.00.000 J2000  VirA2 0  iquv=(2,0,0,0)
test merge mode=match ...
in1 patch VirA replaced by in2 patch VirAx

Copied 2 patches from in1=tmergesourcedb_tmp.sdbc1
Copied 1 patches from in2=tmergesourcedb_tmp.sdbc2
       1 of them replaced an in1 patch
patch=cygnus cat=2 ra=01:32:00.000 dec=+045.00.00.000 flux=2
  01:32:00.000 +045.00.00.000 J2000  cygnus 0  iquv=(2,0,0,0)
    nspinx=1 reffreq=2500 MHz
patch=TauA cat=2 ra=02:20:00.000 dec=-012.00.00.000 flux=3
  02:20:00.000 -012.00.00.000 J2000  TauA 0  iquv=(3,0,0,0)
patch=VirAx cat=2 ra=01:24:04.799 dec=+010.01.11.991 flux=10
  01:24:00.000 +010.00.00.000 J2000  VirA1 0  iquv=(8,0,0,0)
  01:24:24.000 +010.06.00.000 J2000  VirA2 0  iquv=(2,0,0,0)

test mode=all ...
in1 patch VirA replaced by in2 patch VirAx

Copied 2 patches from in1=tmergesourcedb_tmp.sdbc1
Copied 2 patches from in2=tmergesourcedb_tmp.sdbc2
       1 of them replaced an in1 patch
patch=cygnus cat=2 ra=01:32:00.000 dec=+045.00.00.000 flux=2
  01:32:00.000 +045.00.00.000 J2000  cygnus 0  iquv=(2,0,0,0)
    nspinx=1 reffreq=2500 MHz
patch=TauA cat=2 ra=02:20:00.000 dec=-012.00.00.000 flux=3
  02:20:00.000 -012.00.00.000 J2000  TauA 0  iquv=(3,0,0,0)
patch=VirAx cat=2 ra=01:24:04.799 dec=+010.01.11.991 flux=10
  01:24:00.000 +010.00.00.000 J2000  VirA1 0  iquv=(8,0,0,0)
  01:24:24.000 +010.06.00.000 J2000  VirA2 0  iquv=(2,0,0,0)
patch=HerA cat=2 ra=03:20:00.000 dec=-001.00.00.000 flux=3.5
  03:20:00.000 -001.00.00.000 J2000  HerA 0  iquv=(3.5,0,0,0)

create sourcedb-s ...
Wrote 0 patches (out of 0) and 3 sources (out of 3) into tmergesourcedb_tmp.sdbb1
Wrote 1 patches (out of 1) and 3 sources (out of 3) into tmergesourcedb_tmp.sdbb2
patch=VirA cat=2 ra=01:24:04.797 dec=+010.01.12.002 flux=9
  01:24:04.797 +010.01.12.002 J2000  VirA 0  iquv=(9,0,0,0)
patch=TauA cat=2 ra=02:20:00.000 dec=-012.00.00.000 flux=3
  02:20:00.000 -012.00.00.000 J2000  TauA 0  iquv=(3,0,0,0)
patch=cygnus cat=2 ra=01:32:00.000 dec=+045.00.00.000 flux=2
  01:32:00.000 +045.00.00.000 J2000  cygnus 0  iquv=(2,0,0,0)
    nspinx=1 reffreq=2500 MHz
patch=VirAx cat=2 ra=01:24:04.799 dec=+010.01.11.991 flux=10
  01:24:00.000 +010.00.00.000 J2000  VirA1 0  iquv=(8,0,0,0)
  01:24:24.000 +010.06.00.000 J2000  VirA2 0  iquv=(2,0,0,0)
patch=HerA cat=2 ra=03:20:00.000 dec=-001.00.00.000 flux=3.5
  03:20:00.000 -001.00.00.000 J2000  HerA 0  iquv=(3.5,0,0,0)
test merge mode=match ...
in1 patch VirA replaced by in2 patch VirAx

Copied 2 patches from in1=tmergesourcedb_tmp.sdbb1
Copied 1 patches from in2=tmergesourcedb_tmp.sdbb2
       1 of them replaced an in1 patch
patch=VirAx cat=2 ra=01:24:04.799 dec=+010.01.11.991 flux=10
  01:24:00.000 +010.00.00.000 J2000  VirA1 0  iquv=(8,0,0,0)
  01:24:24.000 +010.06.00.000 J2000  VirA2 0  iquv=(2,0,0,0)
patch=TauA cat=2 ra=02:20:00.000 dec=-012.00.00.000 flux=3
  02:20:00.000 -012.00.00.000 J2000  TauA 0  iquv=(3,0,0,0)
patch=cygnus cat=2 ra=01:32:00.000 dec=+045.00.00.000 flux=2
  01:32:00.000 +045.00.00.000 J2000  cygnus 0  iquv=(2,0,0,0)
    nspinx=1 reffreq=2500 MHz

test mode=all ...
in1 patch VirA replaced by in2 patch VirAx

Copied 2 patches from in1=tmergesourcedb_tmp.sdbb1
Copied 2 patches from in2=tmergesourcedb_tmp.sdbb2
       1 of them replaced an in1 patch
patch=VirAx cat=2 ra=01:24:04.799 dec=+010.01.11.991 flux=10
  01:24:00.000 +010.00.00.000 J2000  VirA1 0  iquv=(8,0,0,0)
  01:24:24.000 +010.06.00.000 J2000  VirA2 0  iquv=(2,0,0,0)
patch=HerA cat=2 ra=03:20:00.000 dec=-001.00.00.000 flux=3.5
  03:20:00.000 -001.00.00.000 J2000  HerA 0  iquv=(3.5,0,0,0)
patch=TauA cat=2 ra=02:20:00.000 dec=-012.00.00.000 flux=3
  02:20:00.000 -012.00.00.000 J2000  TauA 0  iquv=(3,0,0,0)
patch=cygnus cat=2 ra=01:32:00.000 dec=+045.00.00.000 flux=2
  01:32:00.000 +045.00.00.000 J2000  cygnus 0  iquv=(2,0,0,0)
    nspinx=1 reffreq=2500 MHz
