Sender dump:
InHolder(0) : (4,3)
OutHolder(0): (0,0)
Sender dump:
InHolder(0) : (4,3)
OutHolder(0): (4,3)
Receiver dump:
InHolder(0) : (0,0)
OutHolder(0): (0,0)
Receiver dump:
InHolder(0) : (4,3)
OutHolder(0): (4,3)
